INFO 2026-04-28 22:58:43,759 autoreload Watching for file changes with StatReloader
INFO 2026-04-28 22:58:51,354 log "GET / HTTP/1.1" 302 0
INFO 2026-04-28 22:58:51,380 log "GET /users/login/ HTTP/1.1" 200 1597
INFO 2026-04-28 22:58:51,433 log "GET /static/css/styles.css HTTP/1.1" 304 0
INFO 2026-04-28 22:59:03,019 log "POST /users/login/ HTTP/1.1" 302 0
INFO 2026-04-28 22:59:03,073 log "GET /dashboard/ HTTP/1.1" 200 18501
INFO 2026-04-28 22:59:09,560 log "GET /server/dashboard/ HTTP/1.1" 200 7741
INFO 2026-04-28 23:01:06,738 log "GET /api/dashboard/ HTTP/1.1" 200 9456
INFO 2026-04-28 23:01:06,777 log "GET /static/css/styles.css HTTP/1.1" 304 0
INFO 2026-04-28 23:01:07,659 log "GET /management/dashboard/ HTTP/1.1" 200 25051
INFO 2026-04-28 23:01:09,749 log "GET /server/dashboard/ HTTP/1.1" 200 8368
INFO 2026-04-28 23:01:10,909 log "POST /users/logout/ HTTP/1.1" 302 0
INFO 2026-04-28 23:01:10,913 log "GET /users/login/ HTTP/1.1" 200 1597
INFO 2026-04-28 23:01:17,912 log "POST /users/login/ HTTP/1.1" 302 0
INFO 2026-04-28 23:01:17,918 log "GET /dashboard/ HTTP/1.1" 302 0
INFO 2026-04-28 23:01:17,932 log "GET /users/dashboard/ HTTP/1.1" 200 12027
INFO 2026-04-28 23:01:20,365 log "GET /api/dashboard/ HTTP/1.1" 200 8577
INFO 2026-04-28 23:01:21,566 log "GET /alerts/dashboard/ HTTP/1.1" 200 68884
INFO 2026-04-28 23:01:23,534 log "GET /logs/dashboard/ HTTP/1.1" 200 41405
INFO 2026-04-28 23:01:24,723 log "GET /dashboard/ HTTP/1.1" 302 0
INFO 2026-04-28 23:01:24,735 log "GET /users/dashboard/ HTTP/1.1" 200 12027
INFO 2026-04-28 23:11:16,419 autoreload Watching for file changes with StatReloader
INFO 2026-04-28 23:14:35,572 log "GET / HTTP/1.1" 302 0
INFO 2026-04-28 23:14:35,604 log "GET /users/login/ HTTP/1.1" 200 1597
INFO 2026-04-28 23:14:35,729 log "GET /static/css/styles.css HTTP/1.1" 200 5345
ERROR 2026-04-28 23:15:08,145 log Internal Server Error: /users/login/
Traceback (most recent call last):
  File "C:\VIGNESHWARAN\Dsu\Sem 4\Database Management System-4\proj\db\myenv\Lib\site-packages\django\core\handlers\exception.py", line 55, in inner
    response = get_response(request)
  File "C:\VIGNESHWARAN\Dsu\Sem 4\Database Management System-4\proj\db\myenv\Lib\site-packages\django\core\handlers\base.py", line 198, in _get_response
    response = wrapped_callback(request, *callback_args, **callback_kwargs)
  File "C:\VIGNESHWARAN\Dsu\Sem 4\Database Management System-4\proj\db\myenv\Lib\site-packages\django\views\generic\base.py", line 106, in view
    return self.dispatch(request, *args, **kwargs)
           ~~~~~~~~~~~~~^^^^^^^^^^^^^^^^^^^^^^^^^^
  File "C:\VIGNESHWARAN\Dsu\Sem 4\Database Management System-4\proj\db\myenv\Lib\site-packages\django\utils\decorators.py", line 48, in _wrapper
    return bound_method(*args, **kwargs)
  File "C:\VIGNESHWARAN\Dsu\Sem 4\Database Management System-4\proj\db\myenv\Lib\site-packages\django\views\decorators\debug.py", line 143, in sensitive_post_parameters_wrapper
    return view(request, *args, **kwargs)
  File "C:\VIGNESHWARAN\Dsu\Sem 4\Database Management System-4\proj\db\myenv\Lib\site-packages\django\utils\decorators.py", line 192, in _view_wrapper
    result = _process_exception(request, e)
  File "C:\VIGNESHWARAN\Dsu\Sem 4\Database Management System-4\proj\db\myenv\Lib\site-packages\django\utils\decorators.py", line 190, in _view_wrapper
    response = view_func(request, *args, **kwargs)
  File "C:\VIGNESHWARAN\Dsu\Sem 4\Database Management System-4\proj\db\myenv\Lib\site-packages\django\views\decorators\cache.py", line 80, in _view_wrapper
    response = view_func(request, *args, **kwargs)
  File "C:\VIGNESHWARAN\Dsu\Sem 4\Database Management System-4\proj\db\myenv\Lib\site-packages\django\contrib\auth\views.py", line 89, in dispatch
    return super().dispatch(request, *args, **kwargs)
           ~~~~~~~~~~~~~~~~^^^^^^^^^^^^^^^^^^^^^^^^^^
  File "C:\VIGNESHWARAN\Dsu\Sem 4\Database Management System-4\proj\db\myenv\Lib\site-packages\django\views\generic\base.py", line 145, in dispatch
    return handler(request, *args, **kwargs)
  File "C:\VIGNESHWARAN\Dsu\Sem 4\Database Management System-4\proj\db\myenv\Lib\site-packages\django\views\generic\edit.py", line 151, in post
    return self.form_valid(form)
           ~~~~~~~~~~~~~~~^^^^^^
  File "C:\VIGNESHWARAN\Dsu\Sem 4\Database Management System-4\proj\db\myenv\Lib\site-packages\django\contrib\auth\views.py", line 108, in form_valid
    auth_login(self.request, form.get_user())
    ~~~~~~~~~~^^^^^^^^^^^^^^^^^^^^^^^^^^^^^^^
  File "C:\VIGNESHWARAN\Dsu\Sem 4\Database Management System-4\proj\db\myenv\Lib\site-packages\django\contrib\auth\__init__.py", line 197, in login
    user_logged_in.send(sender=user.__class__, request=request, user=user)
    ~~~~~~~~~~~~~~~~~~~^^^^^^^^^^^^^^^^^^^^^^^^^^^^^^^^^^^^^^^^^^^^^^^^^^^
  File "C:\VIGNESHWARAN\Dsu\Sem 4\Database Management System-4\proj\db\myenv\Lib\site-packages\django\dispatch\dispatcher.py", line 209, in send
    response = receiver(signal=self, sender=sender, **named)
  File "C:\VIGNESHWARAN\Dsu\Sem 4\Database Management System-4\proj\db\myenv\Lib\site-packages\django\contrib\auth\models.py", line 24, in update_last_login
    user.save(update_fields=["last_login"])
    ~~~~~~~~~^^^^^^^^^^^^^^^^^^^^^^^^^^^^^^
  File "C:\VIGNESHWARAN\Dsu\Sem 4\Database Management System-4\proj\db\myenv\Lib\site-packages\django\contrib\auth\base_user.py", line 62, in save
    super().save(**kwargs)
    ~~~~~~~~~~~~^^^^^^^^^^
  File "C:\VIGNESHWARAN\Dsu\Sem 4\Database Management System-4\proj\db\myenv\Lib\site-packages\django\db\models\base.py", line 874, in save
    self.save_base(
    ~~~~~~~~~~~~~~^
        using=using,
        ^^^^^^^^^^^^
    ...<2 lines>...
        update_fields=update_fields,
        ^^^^^^^^^^^^^^^^^^^^^^^^^^^^
    )
    ^
  File "C:\VIGNESHWARAN\Dsu\Sem 4\Database Management System-4\proj\db\myenv\Lib\site-packages\django\db\models\base.py", line 981, in save_base
    post_save.send(
    ~~~~~~~~~~~~~~^
        sender=origin,
        ^^^^^^^^^^^^^^
    ...<4 lines>...
        using=using,
        ^^^^^^^^^^^^
    )
    ^
  File "C:\VIGNESHWARAN\Dsu\Sem 4\Database Management System-4\proj\db\myenv\Lib\site-packages\django\dispatch\dispatcher.py", line 209, in send
    response = receiver(signal=self, sender=sender, **named)
  File "C:\VIGNESHWARAN\Dsu\Sem 4\Database Management System-4\proj\db\users\models.py", line 25, in save_user_profile
    instance.profile.save()
    ^^^^^^^^^^^^^^^^
  File "C:\VIGNESHWARAN\Dsu\Sem 4\Database Management System-4\proj\db\myenv\Lib\site-packages\django\db\models\fields\related_descriptors.py", line 520, in __get__
    raise self.RelatedObjectDoesNotExist(
    ...<2 lines>...
    )
django.contrib.auth.models.User.profile.RelatedObjectDoesNotExist: User has no profile.
ERROR 2026-04-28 23:15:08,151 log "POST /users/login/ HTTP/1.1" 500 164110
INFO 2026-04-28 23:16:48,723 autoreload Watching for file changes with StatReloader
INFO 2026-04-28 23:16:52,028 log "GET / HTTP/1.1" 302 0
INFO 2026-04-28 23:16:52,052 log "GET /users/login/ HTTP/1.1" 200 1597
INFO 2026-04-28 23:16:52,101 log "GET /static/css/styles.css HTTP/1.1" 304 0
INFO 2026-04-28 23:16:59,667 log "POST /users/login/ HTTP/1.1" 302 0
INFO 2026-04-28 23:16:59,717 log "GET /dashboard/ HTTP/1.1" 200 19413
INFO 2026-04-28 23:17:04,119 log "GET /settings/ HTTP/1.1" 200 12074
INFO 2026-04-28 23:17:18,371 log "GET /server/dashboard/ HTTP/1.1" 200 22321
INFO 2026-04-28 23:17:20,395 log "GET /dashboard/ HTTP/1.1" 200 19413
INFO 2026-04-28 23:17:23,443 log "GET /api/dashboard/ HTTP/1.1" 200 10368
INFO 2026-04-28 23:17:24,802 log "GET /settings/ HTTP/1.1" 200 12074
INFO 2026-04-28 23:24:36,135 autoreload Watching for file changes with StatReloader
INFO 2026-04-28 23:24:39,960 log "GET / HTTP/1.1" 302 0
INFO 2026-04-28 23:24:39,985 log "GET /users/login/ HTTP/1.1" 200 1597
INFO 2026-04-28 23:24:40,026 log "GET /static/css/styles.css HTTP/1.1" 304 0
INFO 2026-04-28 23:24:50,738 log "POST /users/login/ HTTP/1.1" 302 0
INFO 2026-04-28 23:24:50,811 log "GET /dashboard/ HTTP/1.1" 200 19413
INFO 2026-04-28 23:24:52,137 log "GET /api/dashboard/ HTTP/1.1" 200 10368
INFO 2026-04-28 23:24:53,062 log "GET /settings/ HTTP/1.1" 200 12984
INFO 2026-04-28 23:24:56,084 log "GET /dashboard/ HTTP/1.1" 200 19413
INFO 2026-04-28 23:24:58,620 log "GET /api/dashboard/ HTTP/1.1" 200 10368
INFO 2026-04-28 23:24:59,930 log "GET /settings/ HTTP/1.1" 200 12984
INFO 2026-04-28 23:25:01,004 basehttp - Broken pipe from ('127.0.0.1', 39999)
INFO 2026-04-28 23:25:04,407 log "GET /server/dashboard/ HTTP/1.1" 200 22297
INFO 2026-04-28 23:29:23,410 autoreload Watching for file changes with StatReloader
INFO 2026-04-28 23:29:26,502 log "GET / HTTP/1.1" 302 0
INFO 2026-04-28 23:29:26,517 log "GET /users/login/ HTTP/1.1" 200 1597
INFO 2026-04-28 23:29:26,556 log "GET /static/css/styles.css HTTP/1.1" 304 0
INFO 2026-04-28 23:29:37,239 log "POST /users/login/ HTTP/1.1" 302 0
INFO 2026-04-28 23:29:37,288 log "GET /dashboard/ HTTP/1.1" 200 19413
INFO 2026-04-28 23:29:44,584 log "GET /logs/dashboard/ HTTP/1.1" 200 43205
INFO 2026-04-28 23:29:54,108 basehttp - Broken pipe from ('127.0.0.1', 7714)
INFO 2026-04-28 23:29:54,803 log "GET /server/dashboard/ HTTP/1.1" 200 24433
INFO 2026-04-28 23:32:16,769 autoreload C:\VIGNESHWARAN\Dsu\Sem 4\Database Management System-4\proj\db\server\views.py changed, reloading.
INFO 2026-04-28 23:32:17,219 autoreload Watching for file changes with StatReloader
INFO 2026-04-28 23:33:42,232 autoreload Watching for file changes with StatReloader
INFO 2026-04-28 23:34:07,274 log "GET / HTTP/1.1" 302 0
INFO 2026-04-28 23:34:07,287 log "GET /users/login/ HTTP/1.1" 200 1597
INFO 2026-04-28 23:34:07,363 log "GET /static/css/styles.css HTTP/1.1" 304 0
INFO 2026-04-28 23:34:24,671 log "POST /users/login/ HTTP/1.1" 302 0
INFO 2026-04-28 23:34:24,706 log "GET /dashboard/ HTTP/1.1" 200 19413
INFO 2026-04-28 23:34:30,924 log "GET /server/dashboard/ HTTP/1.1" 200 70334
INFO 2026-04-28 23:34:50,838 log "GET /management/dashboard/ HTTP/1.1" 200 26126
INFO 2026-04-28 23:34:53,331 log "GET /settings/ HTTP/1.1" 200 12984
INFO 2026-04-28 23:35:07,332 log "POST /settings/ HTTP/1.1" 200 13222
INFO 2026-04-28 23:35:45,563 log "POST /settings/ HTTP/1.1" 302 0
INFO 2026-04-28 23:35:45,576 log "GET /settings/ HTTP/1.1" 200 13232
INFO 2026-04-28 23:35:50,633 log "POST /users/logout/ HTTP/1.1" 302 0
INFO 2026-04-28 23:35:50,636 log "GET /users/login/ HTTP/1.1" 200 1597
INFO 2026-04-28 23:36:00,300 log "POST /users/login/ HTTP/1.1" 302 0
INFO 2026-04-28 23:36:00,317 log "GET /dashboard/ HTTP/1.1" 200 19413
INFO 2026-04-28 23:36:06,292 log "GET /server/dashboard/ HTTP/1.1" 200 70286
INFO 2026-04-28 23:42:31,880 autoreload Watching for file changes with StatReloader
INFO 2026-04-28 23:42:34,285 log "GET / HTTP/1.1" 302 0
INFO 2026-04-28 23:42:34,300 log "GET /users/login/ HTTP/1.1" 200 1597
INFO 2026-04-28 23:42:34,371 log "GET /static/css/styles.css HTTP/1.1" 304 0
INFO 2026-04-28 23:42:42,175 log "POST /users/login/ HTTP/1.1" 302 0
INFO 2026-04-28 23:42:42,185 log "GET /dashboard/ HTTP/1.1" 302 0
INFO 2026-04-28 23:42:42,227 log "GET /users/dashboard/ HTTP/1.1" 200 12939
INFO 2026-04-28 23:42:44,383 log "GET /logs/dashboard/ HTTP/1.1" 200 10329
INFO 2026-04-28 23:42:45,811 log "GET /api/dashboard/ HTTP/1.1" 200 9489
INFO 2026-04-28 23:42:46,817 log "GET /alerts/dashboard/ HTTP/1.1" 200 6310
INFO 2026-04-28 23:42:49,186 log "GET /settings/ HTTP/1.1" 200 11233
INFO 2026-04-28 23:42:52,641 log "GET /users/dashboard/ HTTP/1.1" 200 12939
INFO 2026-04-28 23:42:54,454 log "GET /api/dashboard/ HTTP/1.1" 200 9489
INFO 2026-04-28 23:42:55,221 log "GET /settings/ HTTP/1.1" 200 11233
INFO 2026-04-28 23:42:58,417 log "GET /users/dashboard/ HTTP/1.1" 200 12939
INFO 2026-04-28 23:43:00,074 log "POST /users/logout/ HTTP/1.1" 302 0
INFO 2026-04-28 23:43:00,078 log "GET /users/login/ HTTP/1.1" 200 1597
INFO 2026-04-28 23:43:12,984 log "POST /users/login/ HTTP/1.1" 302 0
INFO 2026-04-28 23:43:13,007 log "GET /dashboard/ HTTP/1.1" 200 19413
INFO 2026-04-28 23:43:16,962 log "GET /logs/dashboard/ HTTP/1.1" 200 43207
INFO 2026-04-28 23:43:18,055 log "GET /management/dashboard/ HTTP/1.1" 200 25763
INFO 2026-04-28 23:43:21,484 log "GET /alerts/dashboard/ HTTP/1.1" 200 70682
INFO 2026-04-28 23:43:22,942 log "GET /api/dashboard/ HTTP/1.1" 200 10368
INFO 2026-04-28 23:43:28,769 log "GET /server/dashboard/ HTTP/1.1" 200 75386
INFO 2026-04-28 23:43:31,257 log "GET /settings/ HTTP/1.1" 200 12984
INFO 2026-04-28 23:43:36,090 log "GET /dashboard/ HTTP/1.1" 200 19413
INFO 2026-04-28 23:43:37,056 log "GET /logs/dashboard/ HTTP/1.1" 200 43205
INFO 2026-04-28 23:43:37,781 log "GET /alerts/dashboard/ HTTP/1.1" 200 70682
INFO 2026-04-28 23:43:39,135 log "GET /api/dashboard/ HTTP/1.1" 200 10368
INFO 2026-04-28 23:43:40,369 log "GET /settings/ HTTP/1.1" 200 12984
INFO 2026-04-28 23:43:42,593 basehttp - Broken pipe from ('127.0.0.1', 60304)
INFO 2026-04-28 23:45:26,500 autoreload Watching for file changes with StatReloader
INFO 2026-04-28 23:45:29,906 log "GET / HTTP/1.1" 302 0
INFO 2026-04-28 23:45:29,929 log "GET /users/login/ HTTP/1.1" 200 1616
INFO 2026-04-28 23:45:37,697 log "POST /users/login/ HTTP/1.1" 200 1874
INFO 2026-04-28 23:45:45,296 log "POST /users/login/ HTTP/1.1" 302 0
INFO 2026-04-28 23:45:45,354 log "GET /dashboard/ HTTP/1.1" 200 19413
INFO 2026-04-28 23:46:17,340 log "GET /api/dashboard/ HTTP/1.1" 200 10368
INFO 2026-04-28 23:46:17,389 log "GET /static/css/styles.css HTTP/1.1" 304 0
INFO 2026-04-28 23:46:18,310 log "GET /settings/ HTTP/1.1" 200 12984
INFO 2026-04-28 23:46:20,496 log "POST /settings/ HTTP/1.1" 302 0
INFO 2026-04-28 23:46:20,510 log "GET /settings/ HTTP/1.1" 200 13217
INFO 2026-04-28 23:46:22,318 log "GET /dashboard/ HTTP/1.1" 200 19414
INFO 2026-04-28 23:46:23,331 log "GET /logs/dashboard/ HTTP/1.1" 200 43206
INFO 2026-04-28 23:46:24,179 log "GET /alerts/dashboard/ HTTP/1.1" 200 70683
INFO 2026-04-28 23:46:25,935 log "GET /management/dashboard/ HTTP/1.1" 200 25757
INFO 2026-04-28 23:46:26,834 log "GET /api/dashboard/ HTTP/1.1" 200 10369
INFO 2026-04-28 23:46:27,715 log "GET /settings/ HTTP/1.1" 200 12985
INFO 2026-04-28 23:46:33,744 log "GET /server/dashboard/ HTTP/1.1" 200 76221
INFO 2026-04-28 23:46:42,187 log "GET /dashboard/ HTTP/1.1" 200 19414
INFO 2026-04-28 23:46:45,190 log "POST /users/logout/ HTTP/1.1" 302 0
INFO 2026-04-28 23:46:45,195 log "GET /users/login/ HTTP/1.1" 200 1616
INFO 2026-04-28 23:46:53,370 log "POST /users/login/ HTTP/1.1" 302 0
INFO 2026-04-28 23:46:53,380 log "GET /dashboard/ HTTP/1.1" 302 0
INFO 2026-04-28 23:46:53,394 log "GET /users/dashboard/ HTTP/1.1" 200 12939
INFO 2026-04-28 23:46:54,914 log "GET /settings/ HTTP/1.1" 200 11233
INFO 2026-04-28 23:46:59,029 log "POST /settings/ HTTP/1.1" 302 0
INFO 2026-04-28 23:46:59,044 log "GET /settings/ HTTP/1.1" 200 11466
INFO 2026-04-28 23:48:57,256 autoreload Watching for file changes with StatReloader
INFO 2026-04-28 23:48:59,178 log "GET / HTTP/1.1" 302 0
INFO 2026-04-28 23:48:59,210 log "GET /users/login/ HTTP/1.1" 200 1617
INFO 2026-04-28 23:49:08,597 log "POST /users/login/ HTTP/1.1" 302 0
INFO 2026-04-28 23:49:08,660 log "GET /dashboard/ HTTP/1.1" 200 19414
INFO 2026-04-28 23:49:10,441 log "GET /settings/ HTTP/1.1" 200 12985
INFO 2026-04-28 23:49:12,418 log "POST /settings/ HTTP/1.1" 302 0
INFO 2026-04-28 23:49:12,429 log "GET /settings/ HTTP/1.1" 200 13215
INFO 2026-04-28 23:49:14,367 log "GET /dashboard/ HTTP/1.1" 200 19413
INFO 2026-04-28 23:49:15,135 log "GET /logs/dashboard/ HTTP/1.1" 200 43205
INFO 2026-04-28 23:49:15,822 log "GET /alerts/dashboard/ HTTP/1.1" 200 70682
INFO 2026-04-28 23:49:16,414 log "GET /management/dashboard/ HTTP/1.1" 200 25562
INFO 2026-04-28 23:49:18,122 log "GET /api/dashboard/ HTTP/1.1" 200 10368
INFO 2026-04-28 23:49:20,671 log "POST /users/logout/ HTTP/1.1" 302 0
INFO 2026-04-28 23:49:20,676 log "GET /users/login/ HTTP/1.1" 200 1616
INFO 2026-04-28 23:49:27,655 basehttp - Broken pipe from ('127.0.0.1', 34710)
INFO 2026-04-28 23:49:28,933 basehttp - Broken pipe from ('127.0.0.1', 62048)
INFO 2026-04-28 23:49:32,525 log "POST /users/login/ HTTP/1.1" 302 0
INFO 2026-04-28 23:49:32,536 log "GET /dashboard/ HTTP/1.1" 302 0
INFO 2026-04-28 23:49:32,553 log "GET /users/dashboard/ HTTP/1.1" 200 12940
INFO 2026-04-28 23:49:34,173 log "GET /settings/ HTTP/1.1" 200 12139
INFO 2026-04-28 23:49:36,542 log "POST /settings/ HTTP/1.1" 302 0
INFO 2026-04-28 23:49:36,552 log "GET /settings/ HTTP/1.1" 200 12369
INFO 2026-04-28 23:49:37,565 log "GET /api/dashboard/ HTTP/1.1" 200 9489
INFO 2026-04-28 23:49:38,563 log "GET /logs/dashboard/ HTTP/1.1" 200 10329
INFO 2026-04-28 23:49:40,414 log "GET /dashboard/ HTTP/1.1" 302 0
INFO 2026-04-28 23:49:40,422 log "GET /users/dashboard/ HTTP/1.1" 200 12939
INFO 2026-04-28 23:49:41,218 log "GET /logs/dashboard/ HTTP/1.1" 200 10329
ERROR 2026-04-28 23:49:47,045 log Internal Server Error: /logs/dashboard/
Traceback (most recent call last):
  File "C:\VIGNESHWARAN\Dsu\Sem 4\Database Management System-4\proj\db\myenv\Lib\site-packages\django\core\handlers\exception.py", line 55, in inner
    response = get_response(request)
  File "C:\VIGNESHWARAN\Dsu\Sem 4\Database Management System-4\proj\db\myenv\Lib\site-packages\django\core\handlers\base.py", line 198, in _get_response
    response = wrapped_callback(request, *callback_args, **callback_kwargs)
  File "C:\VIGNESHWARAN\Dsu\Sem 4\Database Management System-4\proj\db\myenv\Lib\site-packages\django\views\generic\base.py", line 106, in view
    return self.dispatch(request, *args, **kwargs)
           ~~~~~~~~~~~~~^^^^^^^^^^^^^^^^^^^^^^^^^^
  File "C:\VIGNESHWARAN\Dsu\Sem 4\Database Management System-4\proj\db\myenv\Lib\site-packages\django\contrib\auth\mixins.py", line 74, in dispatch
    return super().dispatch(request, *args, **kwargs)
           ~~~~~~~~~~~~~~~~^^^^^^^^^^^^^^^^^^^^^^^^^^
  File "C:\VIGNESHWARAN\Dsu\Sem 4\Database Management System-4\proj\db\myenv\Lib\site-packages\django\views\generic\base.py", line 145, in dispatch
    return handler(request, *args, **kwargs)
  File "C:\VIGNESHWARAN\Dsu\Sem 4\Database Management System-4\proj\db\logs\views.py", line 42, in post
    logs_count, alerts_count = parse_log_file(file, file_ext, user=request.user)
                               ~~~~~~~~~~~~~~^^^^^^^^^^^^^^^^^^^^^^^^^^^^^^^^^^^
  File "C:\VIGNESHWARAN\Dsu\Sem 4\Database Management System-4\proj\db\logs\utils.py", line 8, in parse_log_file
    logs_created, alerts_triggered = IDSEngine.process_file(file, format, user=user)
                                     ~~~~~~~~~~~~~~~~~~~~~~^^^^^^^^^^^^^^^^^^^^^^^^^
  File "C:\VIGNESHWARAN\Dsu\Sem 4\Database Management System-4\proj\db\alerts\services.py", line 119, in process_file
    data = json.load(io_string)
  File "C:\Users\vigs1\AppData\Local\Programs\Python\Python313\Lib\json\__init__.py", line 293, in load
    return loads(fp.read(),
        cls=cls, object_hook=object_hook,
        parse_float=parse_float, parse_int=parse_int,
        parse_constant=parse_constant, object_pairs_hook=object_pairs_hook, **kw)
  File "C:\Users\vigs1\AppData\Local\Programs\Python\Python313\Lib\json\__init__.py", line 346, in loads
    return _default_decoder.decode(s)
           ~~~~~~~~~~~~~~~~~~~~~~~^^^
  File "C:\Users\vigs1\AppData\Local\Programs\Python\Python313\Lib\json\decoder.py", line 345, in decode
    obj, end = self.raw_decode(s, idx=_w(s, 0).end())
               ~~~~~~~~~~~~~~~^^^^^^^^^^^^^^^^^^^^^^^
  File "C:\Users\vigs1\AppData\Local\Programs\Python\Python313\Lib\json\decoder.py", line 361, in raw_decode
    obj, end = self.scan_once(s, idx)
               ~~~~~~~~~~~~~~^^^^^^^^
json.decoder.JSONDecodeError: Illegal trailing comma before end of object: line 20 column 27 (char 990)
ERROR 2026-04-28 23:49:47,054 log "POST /logs/dashboard/ HTTP/1.1" 500 126712
INFO 2026-04-28 23:52:15,581 autoreload Watching for file changes with StatReloader
INFO 2026-04-28 23:52:17,218 log "GET / HTTP/1.1" 302 0
INFO 2026-04-28 23:52:17,229 log "GET /users/login/ HTTP/1.1" 200 1616
INFO 2026-04-28 23:52:17,314 log "GET /static/css/styles.css HTTP/1.1" 304 0
INFO 2026-04-28 23:52:23,337 log "POST /users/login/ HTTP/1.1" 302 0
INFO 2026-04-28 23:52:23,344 log "GET /dashboard/ HTTP/1.1" 302 0
INFO 2026-04-28 23:52:23,378 log "GET /users/dashboard/ HTTP/1.1" 200 12939
INFO 2026-04-28 23:52:25,853 log "GET /logs/dashboard/ HTTP/1.1" 200 10329
INFO 2026-04-28 23:52:31,333 log "POST /logs/dashboard/ HTTP/1.1" 302 0
INFO 2026-04-28 23:52:31,345 log "GET /logs/dashboard/ HTTP/1.1" 200 10329
INFO 2026-04-28 23:52:41,051 log "POST /logs/dashboard/ HTTP/1.1" 302 0
INFO 2026-04-28 23:52:41,066 log "GET /logs/dashboard/ HTTP/1.1" 200 10329
INFO 2026-04-28 23:52:42,691 log "GET /alerts/dashboard/ HTTP/1.1" 200 6310
INFO 2026-04-28 23:52:43,886 log "GET /api/dashboard/ HTTP/1.1" 200 9489
INFO 2026-04-28 23:52:44,979 log "GET /settings/ HTTP/1.1" 200 12138
INFO 2026-04-28 23:52:46,377 log "GET /users/dashboard/ HTTP/1.1" 200 12939
INFO 2026-04-28 23:52:50,657 log "POST /users/dashboard/ HTTP/1.1" 302 0
INFO 2026-04-28 23:52:50,672 log "GET /users/dashboard/ HTTP/1.1" 200 12939
INFO 2026-04-28 23:52:55,556 log "GET /logs/dashboard/ HTTP/1.1" 200 10329
INFO 2026-04-28 23:56:44,884 autoreload Watching for file changes with StatReloader
INFO 2026-04-28 23:56:46,174 log "GET / HTTP/1.1" 302 0
INFO 2026-04-28 23:56:46,186 log "GET /users/login/ HTTP/1.1" 200 1616
INFO 2026-04-28 23:56:46,261 log "GET /static/css/styles.css HTTP/1.1" 304 0
INFO 2026-04-28 23:56:52,761 log "POST /users/login/ HTTP/1.1" 302 0
INFO 2026-04-28 23:56:52,769 log "GET /dashboard/ HTTP/1.1" 302 0
INFO 2026-04-28 23:56:52,822 log "GET /users/dashboard/ HTTP/1.1" 200 12939
INFO 2026-04-28 23:56:55,956 log "GET /logs/dashboard/ HTTP/1.1" 200 10329
INFO 2026-04-28 23:56:59,322 log "POST /logs/dashboard/ HTTP/1.1" 302 0
INFO 2026-04-28 23:56:59,338 log "GET /logs/dashboard/ HTTP/1.1" 200 10329
INFO 2026-04-28 23:57:06,038 log "GET /alerts/dashboard/ HTTP/1.1" 200 6310
INFO 2026-04-28 23:57:09,925 log "GET /api/dashboard/ HTTP/1.1" 200 9489
INFO 2026-04-28 23:57:11,291 log "GET /settings/ HTTP/1.1" 200 12138
INFO 2026-04-28 23:57:12,333 log "GET /alerts/dashboard/ HTTP/1.1" 200 6310
INFO 2026-04-28 23:57:13,340 log "GET /logs/dashboard/ HTTP/1.1" 200 10329
INFO 2026-04-28 23:57:14,245 log "GET /dashboard/ HTTP/1.1" 302 0
INFO 2026-04-28 23:57:14,254 log "GET /users/dashboard/ HTTP/1.1" 200 12939
INFO 2026-04-28 23:57:19,292 log "POST /users/dashboard/ HTTP/1.1" 302 0
INFO 2026-04-28 23:57:19,305 log "GET /users/dashboard/ HTTP/1.1" 200 12939
INFO 2026-04-28 23:57:24,660 log "POST /users/logout/ HTTP/1.1" 302 0
INFO 2026-04-28 23:57:24,664 log "GET /users/login/ HTTP/1.1" 200 1616
INFO 2026-04-28 23:57:33,304 log "POST /users/login/ HTTP/1.1" 302 0
INFO 2026-04-28 23:57:33,322 log "GET /dashboard/ HTTP/1.1" 200 19413
INFO 2026-04-28 23:57:35,565 log "GET /logs/dashboard/ HTTP/1.1" 200 43205
INFO 2026-04-28 23:57:41,617 log "POST /logs/dashboard/ HTTP/1.1" 302 0
INFO 2026-04-28 23:57:41,646 log "GET /logs/dashboard/ HTTP/1.1" 200 43205
INFO 2026-04-28 23:57:52,333 log "POST /logs/dashboard/ HTTP/1.1" 302 0
INFO 2026-04-28 23:57:52,357 log "GET /logs/dashboard/ HTTP/1.1" 200 43205
INFO 2026-04-28 23:57:55,961 log "GET /management/dashboard/ HTTP/1.1" 200 27835
INFO 2026-04-28 23:57:57,404 log "GET /alerts/dashboard/ HTTP/1.1" 200 70684
INFO 2026-04-28 23:58:07,414 log "GET /server/dashboard/ HTTP/1.1" 200 76228
INFO 2026-04-28 23:58:37,549 log "GET /management/dashboard/ HTTP/1.1" 200 27835
INFO 2026-04-28 23:58:39,680 log "GET /alerts/dashboard/ HTTP/1.1" 200 70682
INFO 2026-04-28 23:58:40,724 log "GET /alerts/dashboard/ HTTP/1.1" 200 70682
INFO 2026-04-28 23:58:42,905 log "GET /logs/dashboard/ HTTP/1.1" 200 43203
INFO 2026-04-28 23:59:20,102 log "POST /logs/dashboard/ HTTP/1.1" 302 0
INFO 2026-04-28 23:59:20,131 log "GET /logs/dashboard/ HTTP/1.1" 200 43607
INFO 2026-04-28 23:59:26,274 log "GET /logs/dashboard/?severity=LOW HTTP/1.1" 200 11688
INFO 2026-04-28 23:59:29,411 log "GET /logs/dashboard/?severity=HIGH HTTP/1.1" 200 11223
INFO 2026-04-28 23:59:31,682 log "GET /logs/dashboard/?severity=CRITICAL HTTP/1.1" 200 11223
INFO 2026-04-28 23:59:34,598 log "POST /users/logout/ HTTP/1.1" 302 0
INFO 2026-04-28 23:59:34,603 log "GET /users/login/ HTTP/1.1" 200 1616
INFO 2026-04-28 23:59:42,105 log "POST /users/login/ HTTP/1.1" 302 0
INFO 2026-04-28 23:59:42,114 log "GET /dashboard/ HTTP/1.1" 302 0
INFO 2026-04-28 23:59:42,127 log "GET /users/dashboard/ HTTP/1.1" 200 12939
INFO 2026-04-28 23:59:44,164 log "GET /logs/dashboard/ HTTP/1.1" 200 10329
INFO 2026-04-29 00:00:19,031 log "POST /logs/dashboard/ HTTP/1.1" 302 0
INFO 2026-04-29 00:00:19,088 log "GET /logs/dashboard/ HTTP/1.1" 200 42721
INFO 2026-04-29 00:00:31,187 log "GET /alerts/dashboard/ HTTP/1.1" 200 69796
INFO 2026-04-29 00:00:34,470 log "GET /logs/dashboard/ HTTP/1.1" 200 42317
INFO 2026-04-29 00:00:36,912 log "GET /logs/dashboard/?severity=LOW HTTP/1.1" 200 10337
INFO 2026-04-29 00:00:39,506 log "GET /logs/dashboard/?severity=MEDIUM HTTP/1.1" 200 42341
INFO 2026-04-29 00:00:41,833 log "GET /logs/dashboard/?severity=HIGH HTTP/1.1" 200 10337
INFO 2026-04-29 00:00:44,411 log "GET /logs/dashboard/?severity=MEDIUM HTTP/1.1" 200 42341
INFO 2026-04-29 00:00:45,922 log "GET /dashboard/ HTTP/1.1" 302 0
INFO 2026-04-29 00:00:45,932 log "GET /users/dashboard/ HTTP/1.1" 200 12939
INFO 2026-04-29 00:00:46,731 log "GET /alerts/dashboard/ HTTP/1.1" 200 69796
INFO 2026-04-29 00:00:47,457 log "GET /api/dashboard/ HTTP/1.1" 200 9489
INFO 2026-04-29 00:00:48,287 log "GET /settings/ HTTP/1.1" 200 12138
INFO 2026-04-29 00:00:49,733 log "GET /users/dashboard/ HTTP/1.1" 200 12939
INFO 2026-04-29 00:00:50,949 log "POST /users/logout/ HTTP/1.1" 302 0
INFO 2026-04-29 00:00:50,954 log "GET /users/login/ HTTP/1.1" 200 1616
INFO 2026-04-29 00:00:58,553 log "POST /users/login/ HTTP/1.1" 302 0
INFO 2026-04-29 00:00:58,568 log "GET /dashboard/ HTTP/1.1" 200 19413
INFO 2026-04-29 00:01:00,227 log "GET /management/dashboard/ HTTP/1.1" 200 27444
INFO 2026-04-29 00:01:14,677 log "GET /server/dashboard/ HTTP/1.1" 200 76193
INFO 2026-04-29 00:05:19,178 autoreload Watching for file changes with StatReloader
INFO 2026-04-29 00:06:22,908 autoreload Watching for file changes with StatReloader
INFO 2026-04-29 00:06:24,413 log "GET / HTTP/1.1" 302 0
INFO 2026-04-29 00:06:24,435 log "GET /users/login/ HTTP/1.1" 200 1616
INFO 2026-04-29 00:06:24,525 log "GET /static/css/styles.css HTTP/1.1" 304 0
INFO 2026-04-29 00:06:32,590 log "POST /users/login/ HTTP/1.1" 302 0
INFO 2026-04-29 00:06:32,641 log "GET /dashboard/ HTTP/1.1" 200 19413
INFO 2026-04-29 00:06:36,935 log "GET /logs/dashboard/ HTTP/1.1" 200 43190
INFO 2026-04-29 00:06:42,288 log "GET /alerts/dashboard/ HTTP/1.1" 200 70669
INFO 2026-04-29 00:06:44,677 log "GET /logs/dashboard/ HTTP/1.1" 200 43190
INFO 2026-04-29 00:06:47,761 log "GET /management/dashboard/ HTTP/1.1" 200 27444
INFO 2026-04-29 00:07:02,383 log "GET /server/dashboard/ HTTP/1.1" 200 13042
INFO 2026-04-29 00:07:05,441 log "GET /server/api/data/ HTTP/1.1" 200 10202
INFO 2026-04-29 00:07:08,426 log "GET /server/api/data/ HTTP/1.1" 200 10209
INFO 2026-04-29 00:07:11,478 log "GET /server/api/data/ HTTP/1.1" 200 10209
INFO 2026-04-29 00:07:14,416 log "GET /server/api/data/ HTTP/1.1" 200 10215
INFO 2026-04-29 00:07:17,474 log "GET /server/api/data/ HTTP/1.1" 200 10220
INFO 2026-04-29 00:07:20,415 log "GET /server/api/data/ HTTP/1.1" 200 10227
INFO 2026-04-29 00:07:23,427 log "GET /server/api/data/ HTTP/1.1" 200 10233
INFO 2026-04-29 00:07:25,679 log "GET /management/dashboard/ HTTP/1.1" 200 27444
INFO 2026-04-29 00:10:22,733 autoreload Watching for file changes with StatReloader
INFO 2026-04-29 00:10:25,673 log "GET / HTTP/1.1" 302 0
INFO 2026-04-29 00:10:25,692 log "GET /users/login/ HTTP/1.1" 200 1616
INFO 2026-04-29 00:10:35,968 log "POST /users/login/ HTTP/1.1" 302 0
INFO 2026-04-29 00:10:36,022 log "GET /dashboard/ HTTP/1.1" 200 19413
INFO 2026-04-29 00:10:54,242 log "GET /server/dashboard/ HTTP/1.1" 200 13042
INFO 2026-04-29 00:10:57,297 log "GET /server/api/data/ HTTP/1.1" 200 10235
INFO 2026-04-29 00:11:00,277 log "GET /server/api/data/ HTTP/1.1" 200 10241
INFO 2026-04-29 00:11:03,298 log "GET /server/api/data/ HTTP/1.1" 200 10242
INFO 2026-04-29 00:11:06,273 log "GET /server/api/data/ HTTP/1.1" 200 10241
INFO 2026-04-29 00:11:09,314 log "GET /server/api/data/ HTTP/1.1" 200 10242
INFO 2026-04-29 00:11:12,268 log "GET /server/api/data/ HTTP/1.1" 200 10237
INFO 2026-04-29 00:11:15,324 log "GET /server/api/data/ HTTP/1.1" 200 10236
INFO 2026-04-29 00:11:18,275 log "GET /server/api/data/ HTTP/1.1" 200 10236
INFO 2026-04-29 00:11:21,314 log "GET /server/api/data/ HTTP/1.1" 200 10236
INFO 2026-04-29 00:11:24,269 log "GET /server/api/data/ HTTP/1.1" 200 10236
INFO 2026-04-29 00:11:27,287 log "GET /server/api/data/ HTTP/1.1" 200 10236
INFO 2026-04-29 00:11:30,274 log "GET /server/api/data/ HTTP/1.1" 200 10236
INFO 2026-04-29 00:11:33,963 log "GET /server/api/data/ HTTP/1.1" 200 10236
INFO 2026-04-29 00:11:36,939 log "GET /server/api/data/ HTTP/1.1" 200 10236
INFO 2026-04-29 00:11:39,952 log "GET /server/api/data/ HTTP/1.1" 200 10231
INFO 2026-04-29 00:11:42,955 log "GET /server/api/data/ HTTP/1.1" 200 10225
INFO 2026-04-29 00:11:45,973 log "GET /server/api/data/ HTTP/1.1" 200 10245
INFO 2026-04-29 00:11:48,945 log "GET /server/api/data/ HTTP/1.1" 200 10250
INFO 2026-04-29 00:11:51,951 log "GET /server/api/data/ HTTP/1.1" 200 10257
INFO 2026-04-29 00:11:54,938 log "GET /server/api/data/ HTTP/1.1" 200 10263
INFO 2026-04-29 00:11:57,954 log "GET /server/api/data/ HTTP/1.1" 200 10262
INFO 2026-04-29 00:12:00,936 log "GET /server/api/data/ HTTP/1.1" 200 10262
INFO 2026-04-29 00:12:03,954 log "GET /server/api/data/ HTTP/1.1" 200 10262
INFO 2026-04-29 00:12:06,938 log "GET /server/api/data/ HTTP/1.1" 200 10262
INFO 2026-04-29 00:12:09,958 log "GET /server/api/data/ HTTP/1.1" 200 10262
INFO 2026-04-29 00:13:02,036 autoreload Watching for file changes with StatReloader
INFO 2026-04-29 00:13:03,391 log "GET / HTTP/1.1" 302 0
INFO 2026-04-29 00:13:03,406 log "GET /users/login/ HTTP/1.1" 200 1616
INFO 2026-04-29 00:13:03,487 log "GET /static/css/styles.css HTTP/1.1" 304 0
INFO 2026-04-29 00:13:11,712 log "POST /users/login/ HTTP/1.1" 200 1874
INFO 2026-04-29 00:13:20,038 log "POST /users/login/ HTTP/1.1" 302 0
INFO 2026-04-29 00:13:20,097 log "GET /dashboard/ HTTP/1.1" 200 19413
INFO 2026-04-29 00:13:39,662 log "GET /server/dashboard/ HTTP/1.1" 200 13042
INFO 2026-04-29 00:14:00,713 log "GET /server/api/data/ HTTP/1.1" 200 10497
INFO 2026-04-29 00:16:51,949 autoreload Watching for file changes with StatReloader
INFO 2026-04-29 00:21:21,177 autoreload Watching for file changes with StatReloader
INFO 2026-04-29 00:21:23,174 log "GET / HTTP/1.1" 302 0
INFO 2026-04-29 00:21:23,190 log "GET /users/login/ HTTP/1.1" 200 1616
INFO 2026-04-29 00:21:23,269 log "GET /static/css/styles.css HTTP/1.1" 304 0
INFO 2026-04-29 00:21:32,278 log "POST /users/login/ HTTP/1.1" 200 1874
INFO 2026-04-29 00:21:40,638 log "POST /users/login/ HTTP/1.1" 302 0
INFO 2026-04-29 00:21:40,694 log "GET /dashboard/ HTTP/1.1" 200 19413
INFO 2026-04-29 00:21:57,561 log "GET /server/dashboard/ HTTP/1.1" 200 13764
INFO 2026-04-29 00:22:49,462 log "GET / HTTP/1.1" 302 0
INFO 2026-04-29 00:22:49,545 log "GET /users/login/ HTTP/1.1" 200 1616
INFO 2026-04-29 00:22:57,284 basehttp - Broken pipe from ('127.0.0.1', 58839)
INFO 2026-04-29 00:22:57,858 log "POST /users/login/ HTTP/1.1" 302 0
INFO 2026-04-29 00:22:58,777 log "GET /dashboard/ HTTP/1.1" 200 19415
INFO 2026-04-29 00:23:29,753 basehttp - Broken pipe from ('127.0.0.1', 9043)
INFO 2026-04-29 00:23:34,057 basehttp - Broken pipe from ('127.0.0.1', 47801)
INFO 2026-04-29 00:23:34,313 log "GET /logs/dashboard/ HTTP/1.1" 200 43204
INFO 2026-04-29 00:23:36,444 log "GET /alerts/dashboard/ HTTP/1.1" 200 70689
INFO 2026-04-29 00:23:38,868 log "GET /management/dashboard/ HTTP/1.1" 200 29309
INFO 2026-04-29 00:23:41,175 log "GET /settings/ HTTP/1.1" 200 12984
INFO 2026-04-29 00:23:42,768 log "GET /settings/ HTTP/1.1" 200 12984
INFO 2026-04-29 00:23:43,349 log "GET /api/dashboard/ HTTP/1.1" 200 10368
INFO 2026-04-29 00:24:49,896 basehttp - Broken pipe from ('127.0.0.1', 43639)
INFO 2026-04-29 00:25:15,096 basehttp - Broken pipe from ('127.0.0.1', 54590)
INFO 2026-04-29 00:25:23,898 basehttp - Broken pipe from ('127.0.0.1', 44644)
INFO 2026-04-29 00:25:27,968 basehttp - Broken pipe from ('127.0.0.1', 47997)
INFO 2026-04-29 00:25:29,875 basehttp - Broken pipe from ('127.0.0.1', 6017)
INFO 2026-04-29 00:25:33,331 basehttp - Broken pipe from ('127.0.0.1', 56323)
INFO 2026-04-29 00:25:48,761 basehttp - Broken pipe from ('127.0.0.1', 10880)
INFO 2026-04-29 00:25:50,171 basehttp - Broken pipe from ('127.0.0.1', 21437)
INFO 2026-04-29 00:25:52,549 log "GET /server/dashboard/ HTTP/1.1" 200 13764
INFO 2026-04-29 00:26:02,891 log "GET /server/download/pdf/ HTTP/1.1" 200 6847
INFO 2026-04-29 00:26:14,973 log "GET /server/api/data/ HTTP/1.1" 200 10435
INFO 2026-04-29 00:27:31,672 log "GET /server/api/data/ HTTP/1.1" 200 10377
INFO 2026-04-29 00:27:37,532 log "GET / HTTP/1.1" 302 0
INFO 2026-04-29 00:27:37,873 log "GET /users/login/ HTTP/1.1" 200 1616
INFO 2026-04-29 00:27:39,599 basehttp - Broken pipe from ('127.0.0.1', 2004)
INFO 2026-04-29 00:27:48,226 basehttp - Broken pipe from ('127.0.0.1', 47592)
INFO 2026-04-29 00:27:48,688 basehttp - Broken pipe from ('127.0.0.1', 46520)
INFO 2026-04-29 00:29:19,166 autoreload Watching for file changes with StatReloader
INFO 2026-04-29 00:29:22,425 log "GET / HTTP/1.1" 302 0
INFO 2026-04-29 00:29:22,447 log "GET /users/login/ HTTP/1.1" 200 1616
INFO 2026-04-29 00:29:22,528 log "GET /static/css/styles.css HTTP/1.1" 304 0
INFO 2026-04-29 00:29:38,477 log "POST /users/login/ HTTP/1.1" 302 0
INFO 2026-04-29 00:29:38,538 log "GET /dashboard/ HTTP/1.1" 200 19415
INFO 2026-04-29 00:29:58,064 log "GET /server/dashboard/ HTTP/1.1" 200 13764
INFO 2026-04-29 00:30:01,126 log "GET /server/api/data/ HTTP/1.1" 200 10369
INFO 2026-04-29 00:30:04,108 log "GET /server/api/data/ HTTP/1.1" 200 10370
INFO 2026-04-29 00:30:06,587 log "GET /server/download/pdf/ HTTP/1.1" 200 6869
INFO 2026-04-29 00:30:07,146 log "GET /server/api/data/ HTTP/1.1" 200 10373
INFO 2026-04-29 00:30:10,106 log "GET /server/api/data/ HTTP/1.1" 200 10373
INFO 2026-04-29 00:30:14,025 log "GET /server/api/data/ HTTP/1.1" 200 10372
INFO 2026-04-29 00:30:16,957 log "GET /server/api/data/ HTTP/1.1" 200 10369
INFO 2026-04-29 00:30:20,022 log "GET /server/api/data/ HTTP/1.1" 200 10369
INFO 2026-04-29 00:30:22,950 log "GET /server/api/data/ HTTP/1.1" 200 10369
INFO 2026-04-29 00:30:26,001 log "GET /server/api/data/ HTTP/1.1" 200 10389
INFO 2026-04-29 00:30:28,151 log "GET /server/api/data/ HTTP/1.1" 200 10394
INFO 2026-04-29 00:30:31,961 log "GET /server/api/data/ HTTP/1.1" 200 10395
INFO 2026-04-29 00:30:34,946 log "GET /server/api/data/ HTTP/1.1" 200 10395
INFO 2026-04-29 00:30:37,966 log "GET /server/api/data/ HTTP/1.1" 200 10395
INFO 2026-04-29 00:30:40,944 log "GET /server/api/data/ HTTP/1.1" 200 10389
INFO 2026-04-29 00:30:43,967 log "GET /server/api/data/ HTTP/1.1" 200 10409
INFO 2026-04-29 00:30:46,942 log "GET /server/api/data/ HTTP/1.1" 200 10414
INFO 2026-04-29 00:30:49,964 log "GET /server/api/data/ HTTP/1.1" 200 10413
INFO 2026-04-29 00:30:52,943 log "GET /server/api/data/ HTTP/1.1" 200 10420
INFO 2026-04-29 00:31:30,341 autoreload Watching for file changes with StatReloader
INFO 2026-04-29 00:31:33,003 log "GET / HTTP/1.1" 302 0
INFO 2026-04-29 00:31:33,034 log "GET /users/login/ HTTP/1.1" 200 1616
INFO 2026-04-29 00:31:41,772 log "POST /users/login/ HTTP/1.1" 302 0
INFO 2026-04-29 00:31:41,835 log "GET /dashboard/ HTTP/1.1" 200 19415
INFO 2026-04-29 00:32:03,234 log "GET /server/dashboard/ HTTP/1.1" 200 13764
INFO 2026-04-29 00:32:06,311 log "GET /server/api/data/ HTTP/1.1" 200 10397
INFO 2026-04-29 00:32:09,272 log "GET /server/api/data/ HTTP/1.1" 200 10397
INFO 2026-04-29 00:32:12,321 log "GET /server/api/data/ HTTP/1.1" 200 10397
INFO 2026-04-29 00:32:15,311 log "GET /server/api/data/ HTTP/1.1" 200 10403
INFO 2026-04-29 00:32:18,362 log "GET /server/api/data/ HTTP/1.1" 200 9863
INFO 2026-04-29 00:32:21,292 log "GET /server/api/data/ HTTP/1.1" 200 10334
INFO 2026-04-29 00:32:24,317 log "GET /server/api/data/ HTTP/1.1" 200 10323
INFO 2026-04-29 00:32:27,665 log "GET /server/api/data/ HTTP/1.1" 200 10367
INFO 2026-04-29 00:32:30,411 log "GET /server/api/data/ HTTP/1.1" 200 10381
INFO 2026-04-29 00:32:33,522 log "GET /server/api/data/ HTTP/1.1" 200 10373
INFO 2026-04-29 00:32:35,594 log "GET /server/download/pdf/ HTTP/1.1" 200 6851
INFO 2026-04-29 00:32:36,278 log "GET /server/api/data/ HTTP/1.1" 200 10399
INFO 2026-04-29 00:32:39,277 log "GET /server/api/data/ HTTP/1.1" 200 10399
INFO 2026-04-29 00:32:43,023 log "GET /server/api/data/ HTTP/1.1" 200 10399
INFO 2026-04-29 00:32:45,978 log "GET /server/api/data/ HTTP/1.1" 200 10399
INFO 2026-04-29 00:32:48,325 log "GET /server/api/data/ HTTP/1.1" 200 10393
INFO 2026-04-29 00:36:20,126 autoreload Watching for file changes with StatReloader
INFO 2026-04-29 00:36:22,089 log "GET / HTTP/1.1" 302 0
INFO 2026-04-29 00:36:22,120 log "GET /users/login/ HTTP/1.1" 200 1616
INFO 2026-04-29 00:36:34,426 log "POST /users/login/ HTTP/1.1" 302 0
INFO 2026-04-29 00:36:34,484 log "GET /dashboard/ HTTP/1.1" 200 19415
ERROR 2026-04-29 00:36:36,862 log Internal Server Error: /logs/dashboard/
Traceback (most recent call last):
  File "C:\VIGNESHWARAN\Dsu\Sem 4\Database Management System-4\proj\db\myenv\Lib\site-packages\django\template\smartif.py", line 181, in translate_token
    op = OPERATORS[token]
         ~~~~~~~~~^^^^^^^
KeyError: "request.GET.severity=='LOW'"

During handling of the above exception, another exception occurred:

Traceback (most recent call last):
  File "C:\VIGNESHWARAN\Dsu\Sem 4\Database Management System-4\proj\db\myenv\Lib\site-packages\django\core\handlers\exception.py", line 55, in inner
    response = get_response(request)
  File "C:\VIGNESHWARAN\Dsu\Sem 4\Database Management System-4\proj\db\myenv\Lib\site-packages\django\core\handlers\base.py", line 221, in _get_response
    response = response.render()
  File "C:\VIGNESHWARAN\Dsu\Sem 4\Database Management System-4\proj\db\myenv\Lib\site-packages\django\template\response.py", line 114, in render
    self.content = self.rendered_content
                   ^^^^^^^^^^^^^^^^^^^^^
  File "C:\VIGNESHWARAN\Dsu\Sem 4\Database Management System-4\proj\db\myenv\Lib\site-packages\django\template\response.py", line 90, in rendered_content
    template = self.resolve_template(self.template_name)
  File "C:\VIGNESHWARAN\Dsu\Sem 4\Database Management System-4\proj\db\myenv\Lib\site-packages\django\template\response.py", line 72, in resolve_template
    return select_template(template, using=self.using)
  File "C:\VIGNESHWARAN\Dsu\Sem 4\Database Management System-4\proj\db\myenv\Lib\site-packages\django\template\loader.py", line 42, in select_template
    return engine.get_template(template_name)
           ~~~~~~~~~~~~~~~~~~~^^^^^^^^^^^^^^^
  File "C:\VIGNESHWARAN\Dsu\Sem 4\Database Management System-4\proj\db\myenv\Lib\site-packages\django\template\backends\django.py", line 79, in get_template
    return Template(self.engine.get_template(template_name), self)
                    ~~~~~~~~~~~~~~~~~~~~~~~~^^^^^^^^^^^^^^^
  File "C:\VIGNESHWARAN\Dsu\Sem 4\Database Management System-4\proj\db\myenv\Lib\site-packages\django\template\engine.py", line 186, in get_template
    template, origin = self.find_template(template_name)
                       ~~~~~~~~~~~~~~~~~~^^^^^^^^^^^^^^^
  File "C:\VIGNESHWARAN\Dsu\Sem 4\Database Management System-4\proj\db\myenv\Lib\site-packages\django\template\engine.py", line 159, in find_template
    template = loader.get_template(name, skip=skip)
  File "C:\VIGNESHWARAN\Dsu\Sem 4\Database Management System-4\proj\db\myenv\Lib\site-packages\django\template\loaders\cached.py", line 57, in get_template
    template = super().get_template(template_name, skip)
  File "C:\VIGNESHWARAN\Dsu\Sem 4\Database Management System-4\proj\db\myenv\Lib\site-packages\django\template\loaders\base.py", line 28, in get_template
    return Template(
        contents,
    ...<2 lines>...
        self.engine,
    )
  File "C:\VIGNESHWARAN\Dsu\Sem 4\Database Management System-4\proj\db\myenv\Lib\site-packages\django\template\base.py", line 157, in __init__
    self.nodelist = self.compile_nodelist()
                    ~~~~~~~~~~~~~~~~~~~~~^^
  File "C:\VIGNESHWARAN\Dsu\Sem 4\Database Management System-4\proj\db\myenv\Lib\site-packages\django\template\base.py", line 199, in compile_nodelist
    nodelist = parser.parse()
  File "C:\VIGNESHWARAN\Dsu\Sem 4\Database Management System-4\proj\db\myenv\Lib\site-packages\django\template\base.py", line 585, in parse
    raise self.error(token, e)
  File "C:\VIGNESHWARAN\Dsu\Sem 4\Database Management System-4\proj\db\myenv\Lib\site-packages\django\template\base.py", line 583, in parse
    compiled_result = compile_func(self, token)
  File "C:\VIGNESHWARAN\Dsu\Sem 4\Database Management System-4\proj\db\myenv\Lib\site-packages\django\template\defaulttags.py", line 993, in do_if
    condition = TemplateIfParser(parser, bits).parse()
                ~~~~~~~~~~~~~~~~^^^^^^^^^^^^^^
  File "C:\VIGNESHWARAN\Dsu\Sem 4\Database Management System-4\proj\db\myenv\Lib\site-packages\django\template\defaulttags.py", line 926, in __init__
    super().__init__(*args, **kwargs)
    ~~~~~~~~~~~~~~~~^^^^^^^^^^^^^^^^^
  File "C:\VIGNESHWARAN\Dsu\Sem 4\Database Management System-4\proj\db\myenv\Lib\site-packages\django\template\smartif.py", line 172, in __init__
    mapped_tokens.append(self.translate_token(token))
                         ~~~~~~~~~~~~~~~~~~~~^^^^^^^
  File "C:\VIGNESHWARAN\Dsu\Sem 4\Database Management System-4\proj\db\myenv\Lib\site-packages\django\template\smartif.py", line 183, in translate_token
    return self.create_var(token)
           ~~~~~~~~~~~~~~~^^^^^^^
  File "C:\VIGNESHWARAN\Dsu\Sem 4\Database Management System-4\proj\db\myenv\Lib\site-packages\django\template\defaulttags.py", line 929, in create_var
    return TemplateLiteral(self.template_parser.compile_filter(value), value)
                           ~~~~~~~~~~~~~~~~~~~~~~~~~~~~~~~~~~~^^^^^^^
  File "C:\VIGNESHWARAN\Dsu\Sem 4\Database Management System-4\proj\db\myenv\Lib\site-packages\django\template\base.py", line 676, in compile_filter
    return FilterExpression(token, self)
  File "C:\VIGNESHWARAN\Dsu\Sem 4\Database Management System-4\proj\db\myenv\Lib\site-packages\django\template\base.py", line 776, in __init__
    raise TemplateSyntaxError(
    ...<2 lines>...
    )
django.template.exceptions.TemplateSyntaxError: Template: C:\VIGNESHWARAN\Dsu\Sem 4\Database Management System-4\proj\db\templates\logs\dashboard.html, Could not parse the remainder: '=='LOW'' from 'request.GET.severity=='LOW''
ERROR 2026-04-29 00:36:36,871 log "GET /logs/dashboard/ HTTP/1.1" 500 227561
INFO 2026-04-29 00:37:25,069 autoreload Watching for file changes with StatReloader
INFO 2026-04-29 00:37:27,429 log "GET / HTTP/1.1" 302 0
INFO 2026-04-29 00:37:27,441 log "GET /users/login/ HTTP/1.1" 200 1616
INFO 2026-04-29 00:37:27,522 log "GET /static/css/styles.css HTTP/1.1" 304 0
INFO 2026-04-29 00:37:43,249 log "POST /users/login/ HTTP/1.1" 200 1874
INFO 2026-04-29 00:37:55,880 log "POST /users/login/ HTTP/1.1" 302 0
INFO 2026-04-29 00:37:55,942 log "GET /dashboard/ HTTP/1.1" 200 19415
INFO 2026-04-29 00:37:59,132 log "GET /logs/dashboard/ HTTP/1.1" 200 46312
INFO 2026-04-29 00:38:38,780 log "POST /logs/dashboard/ HTTP/1.1" 302 0
INFO 2026-04-29 00:38:38,806 log "GET /logs/dashboard/ HTTP/1.1" 200 46519
INFO 2026-04-29 00:41:19,503 autoreload Watching for file changes with StatReloader
INFO 2026-04-29 00:41:21,755 log "GET / HTTP/1.1" 302 0
INFO 2026-04-29 00:41:21,770 log "GET /users/login/ HTTP/1.1" 200 1616
INFO 2026-04-29 00:41:33,037 log "POST /users/login/ HTTP/1.1" 200 1874
INFO 2026-04-29 00:41:45,099 log "POST /users/login/ HTTP/1.1" 302 0
INFO 2026-04-29 00:41:45,162 log "GET /dashboard/ HTTP/1.1" 200 19405
INFO 2026-04-29 00:42:00,283 log "GET /management/dashboard/ HTTP/1.1" 200 29505
INFO 2026-04-29 00:42:28,918 log "GET /server/dashboard/ HTTP/1.1" 200 13764
INFO 2026-04-29 00:42:32,135 log "GET /server/api/data/ HTTP/1.1" 200 10558
INFO 2026-04-29 00:42:34,958 log "GET /server/api/data/ HTTP/1.1" 200 10399
INFO 2026-04-29 00:42:37,975 log "GET /server/api/data/ HTTP/1.1" 200 10398
INFO 2026-04-29 00:42:40,959 log "GET /server/api/data/ HTTP/1.1" 200 10392
INFO 2026-04-29 00:42:44,007 log "GET /server/api/data/ HTTP/1.1" 200 10412
INFO 2026-04-29 00:42:46,970 log "GET /server/api/data/ HTTP/1.1" 200 10417
INFO 2026-04-29 00:42:49,978 log "GET /server/api/data/ HTTP/1.1" 200 10416
INFO 2026-04-29 00:42:50,187 log "GET /api/dashboard/ HTTP/1.1" 200 10368
INFO 2026-04-29 08:47:02,711 autoreload Watching for file changes with StatReloader
INFO 2026-04-29 08:47:04,693 log "GET / HTTP/1.1" 302 0
INFO 2026-04-29 08:47:04,740 log "GET /users/login/ HTTP/1.1" 200 1616
INFO 2026-04-29 08:47:04,804 log "GET /static/css/styles.css HTTP/1.1" 304 0
INFO 2026-04-29 08:47:12,706 log "POST /users/login/ HTTP/1.1" 302 0
INFO 2026-04-29 08:47:12,872 log "GET /dashboard/ HTTP/1.1" 200 19415
INFO 2026-04-29 08:47:15,065 log "GET /logs/dashboard/ HTTP/1.1" 200 46291
INFO 2026-04-29 08:47:21,419 log "GET /alerts/dashboard/ HTTP/1.1" 200 70680
INFO 2026-04-29 08:47:27,015 log "GET /management/dashboard/ HTTP/1.1" 200 29700
INFO 2026-04-29 08:47:40,245 log "GET /api/dashboard/ HTTP/1.1" 200 10368
INFO 2026-04-29 08:47:46,248 basehttp - Broken pipe from ('127.0.0.1', 47470)
INFO 2026-04-29 08:47:47,066 log "GET /settings/ HTTP/1.1" 200 12984
INFO 2026-04-29 08:47:49,302 log "POST /settings/ HTTP/1.1" 302 0
INFO 2026-04-29 08:47:49,315 log "GET /settings/ HTTP/1.1" 200 13217
INFO 2026-04-29 08:47:50,985 log "GET /dashboard/ HTTP/1.1" 200 19416
INFO 2026-04-29 08:47:53,677 log "GET /settings/ HTTP/1.1" 200 12985
INFO 2026-04-29 08:47:56,015 log "POST /settings/ HTTP/1.1" 302 0
INFO 2026-04-29 08:47:56,025 log "GET /settings/ HTTP/1.1" 200 13215
INFO 2026-04-29 08:47:58,453 log "GET /dashboard/ HTTP/1.1" 200 19415
INFO 2026-04-29 08:47:59,636 log "POST /users/logout/ HTTP/1.1" 302 0
INFO 2026-04-29 08:47:59,639 log "GET /users/login/ HTTP/1.1" 200 1616
INFO 2026-04-29 08:48:05,764 log "POST /users/login/ HTTP/1.1" 302 0
INFO 2026-04-29 08:48:05,772 log "GET /dashboard/ HTTP/1.1" 302 0
INFO 2026-04-29 08:48:05,818 log "GET /users/dashboard/ HTTP/1.1" 200 12939
INFO 2026-04-29 08:48:14,191 log "GET /logs/dashboard/ HTTP/1.1" 200 45210
INFO 2026-04-29 08:48:16,865 log "GET /alerts/dashboard/ HTTP/1.1" 200 69796
INFO 2026-04-29 08:48:18,005 log "GET /api/dashboard/ HTTP/1.1" 200 9489
INFO 2026-04-29 08:48:25,043 log "GET /logs/dashboard/ HTTP/1.1" 200 45210
INFO 2026-04-29 08:48:27,265 log "GET /alerts/dashboard/ HTTP/1.1" 200 69796
INFO 2026-04-29 08:48:35,049 log "GET /settings/ HTTP/1.1" 200 12138
INFO 2026-04-29 08:48:43,086 log "POST /settings/ HTTP/1.1" 302 0
INFO 2026-04-29 08:48:43,095 log "GET /settings/ HTTP/1.1" 200 12371
INFO 2026-04-29 08:48:44,329 log "GET /users/dashboard/ HTTP/1.1" 200 12940
INFO 2026-04-29 08:48:45,169 log "GET /logs/dashboard/ HTTP/1.1" 200 45211
INFO 2026-04-29 08:48:45,885 log "GET /alerts/dashboard/ HTTP/1.1" 200 69797
INFO 2026-04-29 08:48:47,258 log "GET /api/dashboard/ HTTP/1.1" 200 9490
INFO 2026-04-29 08:48:47,996 log "GET /settings/ HTTP/1.1" 200 12139
INFO 2026-04-29 08:48:51,394 log "POST /settings/ HTTP/1.1" 302 0
INFO 2026-04-29 08:48:51,403 log "GET /settings/ HTTP/1.1" 200 12369
INFO 2026-04-29 08:48:55,217 log "GET /users/dashboard/ HTTP/1.1" 200 12939
INFO 2026-04-29 09:11:53,926 autoreload Watching for file changes with StatReloader
INFO 2026-04-29 09:11:55,476 log "GET / HTTP/1.1" 302 0
INFO 2026-04-29 09:11:55,493 log "GET /users/login/ HTTP/1.1" 200 1616
INFO 2026-04-29 09:12:03,121 log "POST /users/login/ HTTP/1.1" 302 0
INFO 2026-04-29 09:12:03,180 log "GET /dashboard/ HTTP/1.1" 200 19415
INFO 2026-04-29 09:12:21,934 log "GET /server/dashboard/ HTTP/1.1" 200 20145
INFO 2026-04-29 09:12:25,029 log "GET /server/api/data/ HTTP/1.1" 200 10290
INFO 2026-04-29 09:12:27,985 log "GET /server/api/data/ HTTP/1.1" 200 10293
INFO 2026-04-29 09:12:31,044 log "GET /server/api/data/ HTTP/1.1" 200 10294
INFO 2026-04-29 09:12:33,986 log "GET /server/api/data/ HTTP/1.1" 200 10293
INFO 2026-04-29 09:12:37,022 log "GET /server/api/data/ HTTP/1.1" 200 10300
INFO 2026-04-29 09:12:39,972 log "GET /server/api/data/ HTTP/1.1" 200 10310
INFO 2026-04-29 09:12:43,017 log "GET /server/api/data/ HTTP/1.1" 200 10317
INFO 2026-04-29 09:12:45,980 log "GET /server/api/data/ HTTP/1.1" 200 10317
INFO 2026-04-29 09:12:49,042 log "GET /server/api/data/ HTTP/1.1" 200 10318
INFO 2026-04-29 09:12:52,239 log "GET /server/api/data/ HTTP/1.1" 200 10646
INFO 2026-04-29 09:12:55,282 log "GET /server/api/data/ HTTP/1.1" 200 10345
INFO 2026-04-29 09:12:59,129 log "GET /server/api/data/ HTTP/1.1" 200 10332
INFO 2026-04-29 09:13:01,357 log "GET /server/api/data/ HTTP/1.1" 200 10395
INFO 2026-04-29 09:13:04,220 log "GET /server/api/data/ HTTP/1.1" 200 10385
INFO 2026-04-29 09:13:07,475 log "GET /server/api/data/ HTTP/1.1" 200 10371
INFO 2026-04-29 09:13:09,774 log "GET /server/dashboard/ HTTP/1.1" 200 20145
INFO 2026-04-29 09:13:12,872 log "GET /server/api/data/ HTTP/1.1" 200 10386
INFO 2026-04-29 09:13:15,813 log "GET /server/api/data/ HTTP/1.1" 200 10391
INFO 2026-04-29 09:13:18,890 log "GET /server/api/data/ HTTP/1.1" 200 10398
INFO 2026-04-29 09:13:21,958 log "GET /server/api/data/ HTTP/1.1" 200 10404
INFO 2026-04-29 09:13:24,966 log "GET /server/api/data/ HTTP/1.1" 200 10403
INFO 2026-04-29 09:13:27,957 log "GET /server/api/data/ HTTP/1.1" 200 10403
INFO 2026-04-29 09:13:30,958 log "GET /server/api/data/ HTTP/1.1" 200 10403
INFO 2026-04-29 09:14:32,857 autoreload Watching for file changes with StatReloader
INFO 2026-04-29 09:14:36,886 log "GET / HTTP/1.1" 302 0
INFO 2026-04-29 09:14:36,908 log "GET /users/login/ HTTP/1.1" 200 1616
INFO 2026-04-29 09:14:44,143 log "POST /users/login/ HTTP/1.1" 302 0
INFO 2026-04-29 09:14:44,218 log "GET /dashboard/ HTTP/1.1" 200 19415
INFO 2026-04-29 09:15:03,975 log "GET /server/dashboard/ HTTP/1.1" 200 11400
INFO 2026-04-29 09:15:07,024 log "GET /server/api/data/ HTTP/1.1" 200 10399
INFO 2026-04-29 09:15:10,026 log "GET /server/api/data/ HTTP/1.1" 200 10399
INFO 2026-04-29 09:15:13,058 log "GET /server/api/data/ HTTP/1.1" 200 10399
INFO 2026-04-29 09:15:16,523 log "GET /server/api/data/ HTTP/1.1" 200 9759
INFO 2026-04-29 09:15:19,255 log "GET /server/api/data/ HTTP/1.1" 200 10343
INFO 2026-04-29 09:15:22,811 log "GET /server/api/data/ HTTP/1.1" 200 10370
INFO 2026-04-29 09:15:25,187 log "GET /server/api/data/ HTTP/1.1" 200 10429
INFO 2026-04-29 09:15:28,478 log "GET /server/api/data/ HTTP/1.1" 200 10384
INFO 2026-04-29 09:15:31,180 log "GET /server/api/data/ HTTP/1.1" 200 10320
INFO 2026-04-29 09:15:32,934 log "GET /server/dashboard/ HTTP/1.1" 200 11400
INFO 2026-04-29 09:15:36,044 log "GET /server/api/data/ HTTP/1.1" 200 10399
INFO 2026-04-29 09:15:38,975 log "GET /server/api/data/ HTTP/1.1" 200 10399
INFO 2026-04-29 09:15:41,996 log "GET /server/api/data/ HTTP/1.1" 200 10399
INFO 2026-04-29 09:15:45,956 log "GET /server/api/data/ HTTP/1.1" 200 10399
INFO 2026-04-29 09:15:48,963 log "GET /server/api/data/ HTTP/1.1" 200 10399
INFO 2026-04-29 09:15:51,949 log "GET /server/api/data/ HTTP/1.1" 200 10393
INFO 2026-04-29 09:15:54,965 log "GET /server/api/data/ HTTP/1.1" 200 10413
INFO 2026-04-29 09:15:57,956 log "GET /server/api/data/ HTTP/1.1" 200 10418
INFO 2026-04-29 09:16:00,967 log "GET /server/api/data/ HTTP/1.1" 200 10425
INFO 2026-04-29 09:16:03,945 log "GET /server/api/data/ HTTP/1.1" 200 10431
INFO 2026-04-29 09:16:06,961 log "GET /server/api/data/ HTTP/1.1" 200 10430
INFO 2026-04-29 09:16:09,947 log "GET /server/api/data/ HTTP/1.1" 200 10430
INFO 2026-04-29 09:16:12,975 log "GET /server/api/data/ HTTP/1.1" 200 10430
INFO 2026-04-29 09:17:36,830 autoreload Watching for file changes with StatReloader
INFO 2026-04-29 09:17:38,518 log "GET / HTTP/1.1" 302 0
INFO 2026-04-29 09:17:38,538 log "GET /users/login/ HTTP/1.1" 200 1616
INFO 2026-04-29 09:17:50,425 log "POST /users/login/ HTTP/1.1" 302 0
INFO 2026-04-29 09:17:50,482 log "GET /dashboard/ HTTP/1.1" 200 19415
INFO 2026-04-29 09:18:12,843 log "GET /server/dashboard/ HTTP/1.1" 200 22458
INFO 2026-04-29 09:18:15,946 log "GET /server/api/data/ HTTP/1.1" 200 10399
INFO 2026-04-29 09:18:18,885 log "GET /server/api/data/ HTTP/1.1" 200 10398
INFO 2026-04-29 09:18:21,936 log "GET /server/api/data/ HTTP/1.1" 200 10398
INFO 2026-04-29 09:18:24,881 log "GET /server/api/data/ HTTP/1.1" 200 10398
INFO 2026-04-29 09:18:27,900 log "GET /server/api/data/ HTTP/1.1" 200 10398
INFO 2026-04-29 09:18:30,885 log "GET /server/api/data/ HTTP/1.1" 200 10398
INFO 2026-04-29 09:18:33,970 log "GET /server/api/data/ HTTP/1.1" 200 10398
INFO 2026-04-29 09:18:36,955 log "GET /server/api/data/ HTTP/1.1" 200 10398
INFO 2026-04-29 09:18:39,961 log "GET /server/api/data/ HTTP/1.1" 200 10398
INFO 2026-04-29 09:18:42,959 log "GET /server/api/data/ HTTP/1.1" 200 10398
INFO 2026-04-29 09:18:45,961 log "GET /server/api/data/ HTTP/1.1" 200 10398
INFO 2026-04-29 09:18:48,949 log "GET /server/api/data/ HTTP/1.1" 200 10398
INFO 2026-04-29 09:18:51,970 log "GET /server/api/data/ HTTP/1.1" 200 10398
INFO 2026-04-29 09:18:54,955 log "GET /server/api/data/ HTTP/1.1" 200 10398
INFO 2026-04-29 09:18:57,958 log "GET /server/api/data/ HTTP/1.1" 200 10398
INFO 2026-04-29 09:19:00,901 log "GET /server/api/data/ HTTP/1.1" 200 10392
INFO 2026-04-29 09:19:03,963 log "GET /server/api/data/ HTTP/1.1" 200 10412
INFO 2026-04-29 09:19:06,955 log "GET /server/api/data/ HTTP/1.1" 200 10417
INFO 2026-04-29 09:19:09,967 log "GET /server/api/data/ HTTP/1.1" 200 10424
INFO 2026-04-29 09:19:12,964 log "GET /server/api/data/ HTTP/1.1" 200 10430
INFO 2026-04-29 09:19:15,963 log "GET /server/api/data/ HTTP/1.1" 200 10429
INFO 2026-04-29 09:19:18,957 log "GET /server/api/data/ HTTP/1.1" 200 10429
INFO 2026-04-29 09:19:21,976 log "GET /server/api/data/ HTTP/1.1" 200 10429
INFO 2026-04-29 09:19:24,949 log "GET /server/api/data/ HTTP/1.1" 200 10429
INFO 2026-04-29 09:19:27,912 log "GET /server/api/data/ HTTP/1.1" 200 10429
INFO 2026-04-29 09:19:30,894 log "GET /server/api/data/ HTTP/1.1" 200 10429
INFO 2026-04-29 09:19:33,948 log "GET /server/api/data/ HTTP/1.1" 200 10429
INFO 2026-04-29 09:19:36,884 log "GET /server/api/data/ HTTP/1.1" 200 10429
INFO 2026-04-29 09:19:39,942 log "GET /server/api/data/ HTTP/1.1" 200 10429
INFO 2026-04-29 09:19:42,881 log "GET /server/api/data/ HTTP/1.1" 200 10429
INFO 2026-04-29 09:19:45,953 log "GET /server/api/data/ HTTP/1.1" 200 10429
INFO 2026-04-29 09:19:48,881 log "GET /server/api/data/ HTTP/1.1" 200 10429
INFO 2026-04-29 09:19:51,958 log "GET /server/api/data/ HTTP/1.1" 200 10429
INFO 2026-04-29 09:19:54,950 log "GET /server/api/data/ HTTP/1.1" 200 10429
INFO 2026-04-29 09:19:57,962 log "GET /server/api/data/ HTTP/1.1" 200 10429
INFO 2026-04-29 09:20:00,946 log "GET /server/api/data/ HTTP/1.1" 200 10429
INFO 2026-04-29 09:20:03,967 log "GET /server/api/data/ HTTP/1.1" 200 10429
INFO 2026-04-29 09:20:06,948 log "GET /server/api/data/ HTTP/1.1" 200 10429
INFO 2026-04-29 09:20:09,958 log "GET /server/api/data/ HTTP/1.1" 200 10429
INFO 2026-04-29 09:20:12,956 log "GET /server/api/data/ HTTP/1.1" 200 10429
INFO 2026-04-29 09:20:15,946 log "GET /server/api/data/ HTTP/1.1" 200 10429
INFO 2026-04-29 09:20:18,948 log "GET /server/api/data/ HTTP/1.1" 200 10429
INFO 2026-04-29 09:20:21,961 log "GET /server/api/data/ HTTP/1.1" 200 10429
INFO 2026-04-29 09:20:24,949 log "GET /server/api/data/ HTTP/1.1" 200 10429
INFO 2026-04-29 09:20:27,972 log "GET /server/api/data/ HTTP/1.1" 200 10429
INFO 2026-04-29 09:20:30,959 log "GET /server/api/data/ HTTP/1.1" 200 10429
INFO 2026-04-29 09:20:33,976 log "GET /server/api/data/ HTTP/1.1" 200 10429
INFO 2026-04-29 09:20:36,947 log "GET /server/api/data/ HTTP/1.1" 200 10429
INFO 2026-04-29 09:20:39,956 log "GET /server/api/data/ HTTP/1.1" 200 10429
INFO 2026-04-29 09:20:42,946 log "GET /server/api/data/ HTTP/1.1" 200 10429
INFO 2026-04-29 09:20:47,880 autoreload Watching for file changes with StatReloader
INFO 2026-04-29 09:20:48,882 log "GET /server/api/data/ HTTP/1.1" 200 10435
INFO 2026-04-29 09:20:58,169 log "GET / HTTP/1.1" 302 0
INFO 2026-04-29 09:20:58,198 log "GET /users/login/ HTTP/1.1" 200 1616
INFO 2026-04-29 09:21:05,114 log "POST /users/login/ HTTP/1.1" 302 0
INFO 2026-04-29 09:21:05,180 log "GET /dashboard/ HTTP/1.1" 200 19415
INFO 2026-04-29 09:21:27,668 log "GET /server/dashboard/ HTTP/1.1" 200 33918
INFO 2026-04-29 09:21:30,774 log "GET /server/api/data/ HTTP/1.1" 200 10397
INFO 2026-04-29 09:21:33,729 log "GET /server/api/data/ HTTP/1.1" 200 10397
INFO 2026-04-29 09:21:36,710 log "GET /server/api/data/ HTTP/1.1" 200 10397
INFO 2026-04-29 09:21:39,772 log "GET /server/api/data/ HTTP/1.1" 200 10397
INFO 2026-04-29 09:21:41,892 log "GET /api/dashboard/ HTTP/1.1" 200 10640
INFO 2026-04-29 09:21:46,041 log "GET /management/dashboard/ HTTP/1.1" 200 29898
INFO 2026-04-29 09:21:47,253 log "GET /alerts/dashboard/ HTTP/1.1" 200 70683
INFO 2026-04-29 09:22:13,253 log "GET /alerts/dashboard/?page=2 HTTP/1.1" 200 70806
INFO 2026-04-29 09:22:16,974 log "GET /alerts/dashboard/?page=3 HTTP/1.1" 200 70808
INFO 2026-04-29 09:22:20,416 log "GET /alerts/dashboard/?page=4 HTTP/1.1" 200 70803
INFO 2026-04-29 09:22:23,942 log "GET /alerts/dashboard/?page=5 HTTP/1.1" 200 70806
INFO 2026-04-29 09:22:27,522 log "GET /alerts/dashboard/?page=6 HTTP/1.1" 200 70803
INFO 2026-04-29 09:22:30,667 log "GET /alerts/dashboard/?page=7 HTTP/1.1" 200 70834
INFO 2026-04-29 09:22:34,718 log "GET /alerts/dashboard/?page=8 HTTP/1.1" 200 70806
INFO 2026-04-29 09:22:37,920 log "GET /alerts/dashboard/?page=9 HTTP/1.1" 200 70793
INFO 2026-04-29 09:22:41,413 log "GET /alerts/dashboard/?page=10 HTTP/1.1" 200 70808
INFO 2026-04-29 09:22:44,286 log "GET /alerts/dashboard/?page=11 HTTP/1.1" 200 70813
INFO 2026-04-29 09:22:47,421 log "GET /alerts/dashboard/?page=12 HTTP/1.1" 200 70811
INFO 2026-04-29 09:27:30,858 autoreload Watching for file changes with StatReloader
INFO 2026-04-29 09:27:33,337 log "GET / HTTP/1.1" 302 0
INFO 2026-04-29 09:27:33,351 log "GET /users/login/ HTTP/1.1" 200 1616
INFO 2026-04-29 09:27:41,375 log "POST /users/login/ HTTP/1.1" 302 0
INFO 2026-04-29 09:27:41,442 log "GET /dashboard/ HTTP/1.1" 200 19410
INFO 2026-04-29 09:27:43,112 log "GET /api/dashboard/ HTTP/1.1" 200 10640
INFO 2026-04-29 09:28:05,881 log "GET /server/dashboard/ HTTP/1.1" 200 38308
INFO 2026-04-29 09:28:08,987 log "GET /server/api/data/ HTTP/1.1" 200 10585
INFO 2026-04-29 09:28:11,933 log "GET /server/api/data/ HTTP/1.1" 200 10580
INFO 2026-04-29 09:28:14,983 log "GET /server/api/data/ HTTP/1.1" 200 10579
INFO 2026-04-29 09:28:17,922 log "GET /server/api/data/ HTTP/1.1" 200 10571
INFO 2026-04-29 09:28:20,992 log "GET /server/api/data/ HTTP/1.1" 200 10563
INFO 2026-04-29 09:28:23,942 log "GET /server/api/data/ HTTP/1.1" 200 10555
INFO 2026-04-29 09:28:26,972 log "GET /server/api/data/ HTTP/1.1" 200 10547
INFO 2026-04-29 09:28:29,930 log "GET /server/api/data/ HTTP/1.1" 200 10539
WARNING 2026-04-29 09:28:31,303 log Bad Request: /server/execute-sql/
WARNING 2026-04-29 09:28:31,303 log "POST /server/execute-sql/ HTTP/1.1" 400 40
INFO 2026-04-29 09:28:32,979 log "GET /server/api/data/ HTTP/1.1" 200 10511
INFO 2026-04-29 09:28:35,926 log "GET /server/api/data/ HTTP/1.1" 200 10502
INFO 2026-04-29 09:28:38,928 log "GET /server/api/data/ HTTP/1.1" 200 10493
INFO 2026-04-29 09:28:41,937 log "GET /server/api/data/ HTTP/1.1" 200 10484
INFO 2026-04-29 09:28:44,985 log "GET /server/api/data/ HTTP/1.1" 200 10478
INFO 2026-04-29 09:28:47,915 log "GET /server/api/data/ HTTP/1.1" 200 10498
INFO 2026-04-29 09:28:50,986 log "GET /server/api/data/ HTTP/1.1" 200 10503
INFO 2026-04-29 09:28:53,941 log "GET /server/api/data/ HTTP/1.1" 200 10504
INFO 2026-04-29 09:28:57,259 log "GET /server/api/data/ HTTP/1.1" 200 10375
INFO 2026-04-29 09:29:00,166 log "GET /server/api/data/ HTTP/1.1" 200 10426
INFO 2026-04-29 09:29:03,061 log "GET /server/api/data/ HTTP/1.1" 200 10441
INFO 2026-04-29 09:29:06,268 log "GET /server/api/data/ HTTP/1.1" 200 10333
INFO 2026-04-29 09:29:09,260 log "GET /server/api/data/ HTTP/1.1" 200 10375
INFO 2026-04-29 09:29:12,047 log "GET /server/api/data/ HTTP/1.1" 200 10439
INFO 2026-04-29 09:29:14,503 log "GET /server/download/pdf/ HTTP/1.1" 200 6834
INFO 2026-04-29 09:29:14,960 log "GET /server/api/data/ HTTP/1.1" 200 10448
INFO 2026-04-29 09:29:17,931 log "GET /server/api/data/ HTTP/1.1" 200 10448
INFO 2026-04-29 09:29:21,032 log "GET /server/api/data/ HTTP/1.1" 200 10448
INFO 2026-04-29 09:29:23,955 log "GET /server/api/data/ HTTP/1.1" 200 10448
INFO 2026-04-29 09:29:27,009 log "GET /server/api/data/ HTTP/1.1" 200 10456
INFO 2026-04-29 09:29:29,971 log "GET /server/api/data/ HTTP/1.1" 200 10452
INFO 2026-04-29 09:29:33,039 log "GET /server/api/data/ HTTP/1.1" 200 10452
INFO 2026-04-29 09:29:35,951 log "GET /server/api/data/ HTTP/1.1" 200 10452
INFO 2026-04-29 09:29:38,971 log "GET /server/api/data/ HTTP/1.1" 200 10452
INFO 2026-04-29 09:29:41,926 log "GET /server/api/data/ HTTP/1.1" 200 10452
INFO 2026-04-29 09:29:44,971 log "GET /server/api/data/ HTTP/1.1" 200 10452
INFO 2026-04-29 09:29:47,946 log "GET /server/api/data/ HTTP/1.1" 200 10452
INFO 2026-04-29 09:29:50,963 log "GET /server/api/data/ HTTP/1.1" 200 10452
INFO 2026-04-29 09:29:53,955 log "GET /server/api/data/ HTTP/1.1" 200 10452
INFO 2026-04-29 09:29:56,975 log "GET /server/api/data/ HTTP/1.1" 200 10452
INFO 2026-04-29 09:29:59,952 log "GET /server/api/data/ HTTP/1.1" 200 10452
INFO 2026-04-29 09:30:02,972 log "GET /server/api/data/ HTTP/1.1" 200 10452
INFO 2026-04-29 09:30:05,951 log "GET /server/api/data/ HTTP/1.1" 200 10452
INFO 2026-04-29 09:30:08,969 log "GET /server/api/data/ HTTP/1.1" 200 10452
INFO 2026-04-29 09:30:11,948 log "GET /server/api/data/ HTTP/1.1" 200 10452
INFO 2026-04-29 09:30:14,972 log "GET /server/api/data/ HTTP/1.1" 200 10449
INFO 2026-04-29 09:30:17,950 log "GET /server/api/data/ HTTP/1.1" 200 10449
INFO 2026-04-29 09:30:20,970 log "GET /server/api/data/ HTTP/1.1" 200 10449
INFO 2026-04-29 09:30:23,957 log "GET /server/api/data/ HTTP/1.1" 200 10449
INFO 2026-04-29 09:30:26,975 log "GET /server/api/data/ HTTP/1.1" 200 10449
INFO 2026-04-29 09:30:29,953 log "GET /server/api/data/ HTTP/1.1" 200 10449
INFO 2026-04-29 09:30:32,970 log "GET /server/api/data/ HTTP/1.1" 200 10449
INFO 2026-04-29 09:30:35,956 log "GET /server/api/data/ HTTP/1.1" 200 10449
INFO 2026-04-29 09:30:38,989 log "GET /server/api/data/ HTTP/1.1" 200 10449
INFO 2026-04-29 09:32:28,693 autoreload Watching for file changes with StatReloader
INFO 2026-04-29 09:32:30,373 log "GET / HTTP/1.1" 302 0
INFO 2026-04-29 09:32:30,393 log "GET /users/login/ HTTP/1.1" 200 1616
INFO 2026-04-29 09:32:37,906 log "POST /users/login/ HTTP/1.1" 302 0
INFO 2026-04-29 09:32:37,977 log "GET /dashboard/ HTTP/1.1" 200 19415
INFO 2026-04-29 09:32:39,543 log "GET /logs/dashboard/ HTTP/1.1" 200 46294
INFO 2026-04-29 09:33:11,089 log "GET /server/dashboard/ HTTP/1.1" 200 38298
INFO 2026-04-29 09:33:14,182 log "GET /server/api/data/ HTTP/1.1" 200 10395
INFO 2026-04-29 09:33:17,167 log "GET /server/api/data/ HTTP/1.1" 200 10728
INFO 2026-04-29 09:33:20,324 log "GET /server/api/data/ HTTP/1.1" 200 10426
INFO 2026-04-29 09:33:23,250 log "GET /server/api/data/ HTTP/1.1" 200 10456
INFO 2026-04-29 09:33:26,508 log "GET /server/api/data/ HTTP/1.1" 200 10446
INFO 2026-04-29 09:33:29,223 log "GET /server/api/data/ HTTP/1.1" 200 10341
INFO 2026-04-29 09:33:32,316 log "GET /server/api/data/ HTTP/1.1" 200 10273
INFO 2026-04-29 09:33:35,232 log "GET /server/api/data/ HTTP/1.1" 200 10375
INFO 2026-04-29 09:33:38,278 log "GET /server/api/data/ HTTP/1.1" 200 10403
INFO 2026-04-29 09:33:41,206 log "GET /server/api/data/ HTTP/1.1" 200 10405
INFO 2026-04-29 09:33:43,236 log "GET /server/download/pdf/ HTTP/1.1" 200 6926
INFO 2026-04-29 09:33:44,148 log "GET /server/api/data/ HTTP/1.1" 200 10399
INFO 2026-04-29 09:33:47,184 log "GET /server/api/data/ HTTP/1.1" 200 10399
INFO 2026-04-29 09:33:50,954 log "GET /server/api/data/ HTTP/1.1" 200 10399
INFO 2026-04-29 09:33:54,020 log "GET /server/api/data/ HTTP/1.1" 200 10393
INFO 2026-04-29 09:33:56,968 log "GET /server/api/data/ HTTP/1.1" 200 10413
INFO 2026-04-29 09:34:00,023 log "GET /server/api/data/ HTTP/1.1" 200 10418
INFO 2026-04-29 09:34:02,964 log "GET /server/api/data/ HTTP/1.1" 200 10425
INFO 2026-04-29 09:34:06,021 log "GET /server/api/data/ HTTP/1.1" 200 10431
INFO 2026-04-29 09:34:08,145 log "GET /server/api/data/ HTTP/1.1" 200 10432
INFO 2026-04-29 09:34:11,210 log "GET /server/api/data/ HTTP/1.1" 200 10431
INFO 2026-04-29 09:34:14,133 log "GET /server/api/data/ HTTP/1.1" 200 10431
INFO 2026-04-29 09:34:17,191 log "GET /server/api/data/ HTTP/1.1" 200 10431
INFO 2026-04-29 09:34:20,148 log "GET /server/api/data/ HTTP/1.1" 200 10431
INFO 2026-04-29 09:34:23,199 log "GET /server/api/data/ HTTP/1.1" 200 10431
INFO 2026-04-29 09:34:26,138 log "GET /server/api/data/ HTTP/1.1" 200 10431
INFO 2026-04-29 09:34:29,207 log "GET /server/api/data/ HTTP/1.1" 200 10431
INFO 2026-04-29 09:34:32,147 log "GET /server/api/data/ HTTP/1.1" 200 10431
INFO 2026-04-29 09:34:35,211 log "GET /server/api/data/ HTTP/1.1" 200 10431
INFO 2026-04-29 09:34:38,142 log "GET /server/api/data/ HTTP/1.1" 200 10431
INFO 2026-04-29 09:34:41,193 log "GET /server/api/data/ HTTP/1.1" 200 10431
INFO 2026-04-29 09:34:44,136 log "GET /server/api/data/ HTTP/1.1" 200 10428
INFO 2026-04-29 09:34:47,150 log "GET /server/api/data/ HTTP/1.1" 200 10428
INFO 2026-04-29 09:34:50,135 log "GET /server/api/data/ HTTP/1.1" 200 10428
INFO 2026-04-29 09:37:25,293 autoreload Watching for file changes with StatReloader
INFO 2026-04-29 09:37:29,727 log "GET / HTTP/1.1" 302 0
INFO 2026-04-29 09:37:29,775 log "GET /users/login/ HTTP/1.1" 200 1616
INFO 2026-04-29 09:37:38,022 log "POST /users/login/ HTTP/1.1" 200 1874
INFO 2026-04-29 09:37:47,189 log "POST /users/login/ HTTP/1.1" 200 1874
INFO 2026-04-29 09:37:52,378 basehttp - Broken pipe from ('127.0.0.1', 40197)
INFO 2026-04-29 09:38:01,180 log "POST /users/login/ HTTP/1.1" 302 0
INFO 2026-04-29 09:38:01,244 log "GET /dashboard/ HTTP/1.1" 200 19415
INFO 2026-04-29 09:38:36,756 log "GET /server/dashboard/ HTTP/1.1" 200 38238
INFO 2026-04-29 09:41:45,377 autoreload Watching for file changes with StatReloader
INFO 2026-04-29 09:41:49,596 log "GET / HTTP/1.1" 302 0
INFO 2026-04-29 09:41:49,702 log "GET /users/login/ HTTP/1.1" 200 1616
INFO 2026-04-29 09:41:57,198 log "POST /users/login/ HTTP/1.1" 302 0
INFO 2026-04-29 09:41:57,395 log "GET /dashboard/ HTTP/1.1" 200 19415
INFO 2026-04-29 09:43:20,817 basehttp - Broken pipe from ('127.0.0.1', 6515)
INFO 2026-04-29 09:43:32,007 basehttp - Broken pipe from ('127.0.0.1', 29229)
INFO 2026-04-29 09:43:35,004 log "GET /server/dashboard/ HTTP/1.1" 200 50926
INFO 2026-04-29 09:43:56,077 log "GET /api/dashboard/ HTTP/1.1" 200 10640
INFO 2026-04-29 09:44:57,095 basehttp - Broken pipe from ('127.0.0.1', 38597)
INFO 2026-04-29 09:46:48,237 basehttp - Broken pipe from ('127.0.0.1', 22660)
INFO 2026-04-29 09:46:48,237 basehttp - Broken pipe from ('127.0.0.1', 18312)
INFO 2026-04-29 09:46:55,502 basehttp - Broken pipe from ('127.0.0.1', 59317)
INFO 2026-04-29 09:46:56,536 basehttp - Broken pipe from ('127.0.0.1', 44681)
INFO 2026-04-29 09:47:02,180 basehttp - Broken pipe from ('127.0.0.1', 45294)
INFO 2026-04-29 09:47:16,072 basehttp - Broken pipe from ('127.0.0.1', 34672)
INFO 2026-04-29 10:08:12,140 autoreload Watching for file changes with StatReloader
INFO 2026-04-29 10:08:14,696 log "GET / HTTP/1.1" 302 0
INFO 2026-04-29 10:08:14,715 log "GET /users/login/ HTTP/1.1" 200 1616
INFO 2026-04-29 10:08:14,835 log "GET /static/css/styles.css HTTP/1.1" 200 5372
INFO 2026-04-29 10:08:32,492 log "POST /users/login/ HTTP/1.1" 302 0
INFO 2026-04-29 10:08:32,561 log "GET /dashboard/ HTTP/1.1" 200 19415
INFO 2026-04-29 10:09:04,479 log "GET /server/dashboard/ HTTP/1.1" 200 50876
INFO 2026-04-29 10:11:00,862 log "GET /server/api/data/ HTTP/1.1" 200 10424
INFO 2026-04-29 10:12:40,328 autoreload Watching for file changes with StatReloader
INFO 2026-04-29 10:13:25,485 log "GET / HTTP/1.1" 302 0
INFO 2026-04-29 10:13:25,511 log "GET /users/login/ HTTP/1.1" 200 1616
INFO 2026-04-29 10:13:35,416 log "POST /users/login/ HTTP/1.1" 302 0
INFO 2026-04-29 10:13:35,492 log "GET /dashboard/ HTTP/1.1" 200 19415
INFO 2026-04-29 10:13:37,421 log "GET /api/dashboard/ HTTP/1.1" 200 10640
INFO 2026-04-29 10:13:43,766 log "GET /dashboard/ HTTP/1.1" 200 19415
INFO 2026-04-29 10:13:46,173 log "GET /logs/dashboard/ HTTP/1.1" 200 46300
INFO 2026-04-29 10:13:47,195 log "GET /management/dashboard/ HTTP/1.1" 200 30095
INFO 2026-04-29 10:13:48,448 log "GET /alerts/dashboard/ HTTP/1.1" 200 70689
INFO 2026-04-29 11:43:24,277 autoreload Watching for file changes with StatReloader
INFO 2026-04-29 11:43:35,796 log "GET / HTTP/1.1" 302 0
INFO 2026-04-29 11:43:36,055 log "GET /users/login/ HTTP/1.1" 200 1616
INFO 2026-04-29 11:43:36,147 log "GET /static/css/styles.css HTTP/1.1" 304 0
INFO 2026-04-29 11:43:45,234 log "POST /users/login/ HTTP/1.1" 302 0
INFO 2026-04-29 11:43:45,543 log "GET /dashboard/ HTTP/1.1" 200 19415
INFO 2026-04-29 11:46:46,763 log "GET /logs/dashboard/ HTTP/1.1" 200 46300
INFO 2026-04-29 11:46:52,292 log "GET /alerts/dashboard/ HTTP/1.1" 200 70689
INFO 2026-04-29 11:47:48,285 log "GET /server/dashboard/ HTTP/1.1" 200 50822
INFO 2026-04-29 11:47:57,006 log "GET /api/dashboard/ HTTP/1.1" 200 10640
INFO 2026-04-29 11:47:59,262 log "GET /settings/ HTTP/1.1" 200 12984
INFO 2026-04-29 11:48:57,900 basehttp - Broken pipe from ('127.0.0.1', 61100)
INFO 2026-04-29 11:49:10,296 log "GET /server/dashboard/ HTTP/1.1" 200 50821
INFO 2026-04-29 11:49:24,969 basehttp - Broken pipe from ('127.0.0.1', 12267)
INFO 2026-04-29 11:50:39,482 log "GET /server/api/data/ HTTP/1.1" 200 10457
INFO 2026-04-29 11:52:49,831 autoreload Watching for file changes with StatReloader
INFO 2026-04-29 11:53:00,113 log "GET / HTTP/1.1" 302 0
INFO 2026-04-29 11:53:00,167 log "GET /users/login/ HTTP/1.1" 200 1616
INFO 2026-04-29 11:53:07,291 log "POST /users/login/ HTTP/1.1" 302 0
INFO 2026-04-29 11:53:07,302 log "GET /dashboard/ HTTP/1.1" 302 0
INFO 2026-04-29 11:53:07,403 log "GET /users/dashboard/ HTTP/1.1" 200 12939
INFO 2026-04-29 11:53:11,350 log "GET /server/api/data/ HTTP/1.1" 200 10351
INFO 2026-04-29 11:53:11,356 log "GET /server/api/data/ HTTP/1.1" 302 0
INFO 2026-04-29 11:53:11,359 log "GET /server/api/data/ HTTP/1.1" 302 0
INFO 2026-04-29 11:53:11,360 log "GET /server/api/data/ HTTP/1.1" 302 0
INFO 2026-04-29 11:53:11,399 log "GET /users/login/?next=/server/api/data/ HTTP/1.1" 200 1616
INFO 2026-04-29 11:53:11,402 log "GET /users/login/?next=/server/api/data/ HTTP/1.1" 200 1616
INFO 2026-04-29 11:53:11,402 log "GET /server/api/data/ HTTP/1.1" 302 0
INFO 2026-04-29 11:53:11,405 log "GET /users/login/?next=/server/api/data/ HTTP/1.1" 200 1616
INFO 2026-04-29 11:53:11,408 log "GET /server/api/data/ HTTP/1.1" 302 0
INFO 2026-04-29 11:53:11,408 log "GET /users/login/?next=/server/api/data/ HTTP/1.1" 200 1616
INFO 2026-04-29 11:53:11,412 log "GET /users/login/?next=/server/api/data/ HTTP/1.1" 200 1616
WARNING 2026-04-29 11:53:11,413 log Forbidden (Permission denied): /server/api/data/
Traceback (most recent call last):
  File "C:\VIGNESHWARAN\Dsu\Sem 4\Database Management System-4\proj\db\myenv\Lib\site-packages\django\core\handlers\exception.py", line 55, in inner
    response = get_response(request)
  File "C:\VIGNESHWARAN\Dsu\Sem 4\Database Management System-4\proj\db\myenv\Lib\site-packages\django\core\handlers\base.py", line 198, in _get_response
    response = wrapped_callback(request, *callback_args, **callback_kwargs)
  File "C:\VIGNESHWARAN\Dsu\Sem 4\Database Management System-4\proj\db\myenv\Lib\site-packages\django\views\generic\base.py", line 106, in view
    return self.dispatch(request, *args, **kwargs)
           ~~~~~~~~~~~~~^^^^^^^^^^^^^^^^^^^^^^^^^^
  File "C:\VIGNESHWARAN\Dsu\Sem 4\Database Management System-4\proj\db\myenv\Lib\site-packages\django\contrib\auth\mixins.py", line 135, in dispatch
    return self.handle_no_permission()
           ~~~~~~~~~~~~~~~~~~~~~~~~~^^
  File "C:\VIGNESHWARAN\Dsu\Sem 4\Database Management System-4\proj\db\myenv\Lib\site-packages\django\contrib\auth\mixins.py", line 49, in handle_no_permission
    raise PermissionDenied(self.get_permission_denied_message())
django.core.exceptions.PermissionDenied
WARNING 2026-04-29 11:53:11,494 log "GET /server/api/data/ HTTP/1.1" 403 135
WARNING 2026-04-29 11:53:11,499 log Forbidden (Permission denied): /server/api/data/
Traceback (most recent call last):
  File "C:\VIGNESHWARAN\Dsu\Sem 4\Database Management System-4\proj\db\myenv\Lib\site-packages\django\core\handlers\exception.py", line 55, in inner
    response = get_response(request)
  File "C:\VIGNESHWARAN\Dsu\Sem 4\Database Management System-4\proj\db\myenv\Lib\site-packages\django\core\handlers\base.py", line 198, in _get_response
    response = wrapped_callback(request, *callback_args, **callback_kwargs)
  File "C:\VIGNESHWARAN\Dsu\Sem 4\Database Management System-4\proj\db\myenv\Lib\site-packages\django\views\generic\base.py", line 106, in view
    return self.dispatch(request, *args, **kwargs)
           ~~~~~~~~~~~~~^^^^^^^^^^^^^^^^^^^^^^^^^^
  File "C:\VIGNESHWARAN\Dsu\Sem 4\Database Management System-4\proj\db\myenv\Lib\site-packages\django\contrib\auth\mixins.py", line 135, in dispatch
    return self.handle_no_permission()
           ~~~~~~~~~~~~~~~~~~~~~~~~~^^
  File "C:\VIGNESHWARAN\Dsu\Sem 4\Database Management System-4\proj\db\myenv\Lib\site-packages\django\contrib\auth\mixins.py", line 49, in handle_no_permission
    raise PermissionDenied(self.get_permission_denied_message())
django.core.exceptions.PermissionDenied
WARNING 2026-04-29 11:53:11,501 log "GET /server/api/data/ HTTP/1.1" 403 135
INFO 2026-04-29 11:53:13,932 log "GET /server/api/data/ HTTP/1.1" 302 0
INFO 2026-04-29 11:53:13,934 log "GET /users/login/?next=/server/api/data/ HTTP/1.1" 200 1616
INFO 2026-04-29 11:53:16,936 log "GET /server/api/data/ HTTP/1.1" 302 0
INFO 2026-04-29 11:53:16,940 log "GET /users/login/?next=/server/api/data/ HTTP/1.1" 200 1616
INFO 2026-04-29 11:53:19,944 log "GET /server/api/data/ HTTP/1.1" 302 0
INFO 2026-04-29 11:53:19,949 log "GET /users/login/?next=/server/api/data/ HTTP/1.1" 200 1616
INFO 2026-04-29 11:53:20,610 log "GET /logs/dashboard/ HTTP/1.1" 302 0
INFO 2026-04-29 11:53:20,615 log "GET /users/login/?next=/logs/dashboard/ HTTP/1.1" 200 1616
INFO 2026-04-29 11:53:22,937 log "GET /server/api/data/ HTTP/1.1" 302 0
INFO 2026-04-29 11:53:22,940 log "GET /users/login/?next=/server/api/data/ HTTP/1.1" 200 1616
INFO 2026-04-29 11:53:25,935 log "GET /server/api/data/ HTTP/1.1" 302 0
INFO 2026-04-29 11:53:25,937 log "GET /users/login/?next=/server/api/data/ HTTP/1.1" 200 1616
INFO 2026-04-29 11:53:27,008 log "POST /users/login/?next=/logs/dashboard/ HTTP/1.1" 302 0
INFO 2026-04-29 11:53:27,052 log "GET /logs/dashboard/ HTTP/1.1" 200 45210
INFO 2026-04-29 11:53:28,884 log "GET /alerts/dashboard/ HTTP/1.1" 200 69796
WARNING 2026-04-29 11:53:28,948 log Forbidden (Permission denied): /server/api/data/
Traceback (most recent call last):
  File "C:\VIGNESHWARAN\Dsu\Sem 4\Database Management System-4\proj\db\myenv\Lib\site-packages\django\core\handlers\exception.py", line 55, in inner
    response = get_response(request)
  File "C:\VIGNESHWARAN\Dsu\Sem 4\Database Management System-4\proj\db\myenv\Lib\site-packages\django\core\handlers\base.py", line 198, in _get_response
    response = wrapped_callback(request, *callback_args, **callback_kwargs)
  File "C:\VIGNESHWARAN\Dsu\Sem 4\Database Management System-4\proj\db\myenv\Lib\site-packages\django\views\generic\base.py", line 106, in view
    return self.dispatch(request, *args, **kwargs)
           ~~~~~~~~~~~~~^^^^^^^^^^^^^^^^^^^^^^^^^^
  File "C:\VIGNESHWARAN\Dsu\Sem 4\Database Management System-4\proj\db\myenv\Lib\site-packages\django\contrib\auth\mixins.py", line 135, in dispatch
    return self.handle_no_permission()
           ~~~~~~~~~~~~~~~~~~~~~~~~~^^
  File "C:\VIGNESHWARAN\Dsu\Sem 4\Database Management System-4\proj\db\myenv\Lib\site-packages\django\contrib\auth\mixins.py", line 49, in handle_no_permission
    raise PermissionDenied(self.get_permission_denied_message())
django.core.exceptions.PermissionDenied
WARNING 2026-04-29 11:53:28,949 log "GET /server/api/data/ HTTP/1.1" 403 135
INFO 2026-04-29 11:53:29,787 log "GET /api/dashboard/ HTTP/1.1" 200 9761
INFO 2026-04-29 11:53:30,755 log "GET /settings/ HTTP/1.1" 200 12138
WARNING 2026-04-29 11:53:31,938 log Forbidden (Permission denied): /server/api/data/
Traceback (most recent call last):
  File "C:\VIGNESHWARAN\Dsu\Sem 4\Database Management System-4\proj\db\myenv\Lib\site-packages\django\core\handlers\exception.py", line 55, in inner
    response = get_response(request)
  File "C:\VIGNESHWARAN\Dsu\Sem 4\Database Management System-4\proj\db\myenv\Lib\site-packages\django\core\handlers\base.py", line 198, in _get_response
    response = wrapped_callback(request, *callback_args, **callback_kwargs)
  File "C:\VIGNESHWARAN\Dsu\Sem 4\Database Management System-4\proj\db\myenv\Lib\site-packages\django\views\generic\base.py", line 106, in view
    return self.dispatch(request, *args, **kwargs)
           ~~~~~~~~~~~~~^^^^^^^^^^^^^^^^^^^^^^^^^^
  File "C:\VIGNESHWARAN\Dsu\Sem 4\Database Management System-4\proj\db\myenv\Lib\site-packages\django\contrib\auth\mixins.py", line 135, in dispatch
    return self.handle_no_permission()
           ~~~~~~~~~~~~~~~~~~~~~~~~~^^
  File "C:\VIGNESHWARAN\Dsu\Sem 4\Database Management System-4\proj\db\myenv\Lib\site-packages\django\contrib\auth\mixins.py", line 49, in handle_no_permission
    raise PermissionDenied(self.get_permission_denied_message())
django.core.exceptions.PermissionDenied
WARNING 2026-04-29 11:53:31,941 log "GET /server/api/data/ HTTP/1.1" 403 135
INFO 2026-04-29 11:53:32,669 log "GET /users/dashboard/ HTTP/1.1" 200 12939
INFO 2026-04-29 11:53:32,882 log "GET /users/dashboard/ HTTP/1.1" 200 12939
WARNING 2026-04-29 11:53:34,943 log Forbidden (Permission denied): /server/api/data/
Traceback (most recent call last):
  File "C:\VIGNESHWARAN\Dsu\Sem 4\Database Management System-4\proj\db\myenv\Lib\site-packages\django\core\handlers\exception.py", line 55, in inner
    response = get_response(request)
  File "C:\VIGNESHWARAN\Dsu\Sem 4\Database Management System-4\proj\db\myenv\Lib\site-packages\django\core\handlers\base.py", line 198, in _get_response
    response = wrapped_callback(request, *callback_args, **callback_kwargs)
  File "C:\VIGNESHWARAN\Dsu\Sem 4\Database Management System-4\proj\db\myenv\Lib\site-packages\django\views\generic\base.py", line 106, in view
    return self.dispatch(request, *args, **kwargs)
           ~~~~~~~~~~~~~^^^^^^^^^^^^^^^^^^^^^^^^^^
  File "C:\VIGNESHWARAN\Dsu\Sem 4\Database Management System-4\proj\db\myenv\Lib\site-packages\django\contrib\auth\mixins.py", line 135, in dispatch
    return self.handle_no_permission()
           ~~~~~~~~~~~~~~~~~~~~~~~~~^^
  File "C:\VIGNESHWARAN\Dsu\Sem 4\Database Management System-4\proj\db\myenv\Lib\site-packages\django\contrib\auth\mixins.py", line 49, in handle_no_permission
    raise PermissionDenied(self.get_permission_denied_message())
django.core.exceptions.PermissionDenied
WARNING 2026-04-29 11:53:34,944 log "GET /server/api/data/ HTTP/1.1" 403 135
WARNING 2026-04-29 11:53:37,941 log Forbidden (Permission denied): /server/api/data/
Traceback (most recent call last):
  File "C:\VIGNESHWARAN\Dsu\Sem 4\Database Management System-4\proj\db\myenv\Lib\site-packages\django\core\handlers\exception.py", line 55, in inner
    response = get_response(request)
  File "C:\VIGNESHWARAN\Dsu\Sem 4\Database Management System-4\proj\db\myenv\Lib\site-packages\django\core\handlers\base.py", line 198, in _get_response
    response = wrapped_callback(request, *callback_args, **callback_kwargs)
  File "C:\VIGNESHWARAN\Dsu\Sem 4\Database Management System-4\proj\db\myenv\Lib\site-packages\django\views\generic\base.py", line 106, in view
    return self.dispatch(request, *args, **kwargs)
           ~~~~~~~~~~~~~^^^^^^^^^^^^^^^^^^^^^^^^^^
  File "C:\VIGNESHWARAN\Dsu\Sem 4\Database Management System-4\proj\db\myenv\Lib\site-packages\django\contrib\auth\mixins.py", line 135, in dispatch
    return self.handle_no_permission()
           ~~~~~~~~~~~~~~~~~~~~~~~~~^^
  File "C:\VIGNESHWARAN\Dsu\Sem 4\Database Management System-4\proj\db\myenv\Lib\site-packages\django\contrib\auth\mixins.py", line 49, in handle_no_permission
    raise PermissionDenied(self.get_permission_denied_message())
django.core.exceptions.PermissionDenied
WARNING 2026-04-29 11:53:37,942 log "GET /server/api/data/ HTTP/1.1" 403 135
